Archive member included because of file (symbol)

c:/devkitPro/libogc/lib/wii\libfat.a(libfat.o)
                              template.o (fatInitDefault)
c:/devkitPro/libogc/lib/wii\libfat.a(partition.o)
                              c:/devkitPro/libogc/lib/wii\libfat.a(libfat.o) (_FAT_partition_destructor)
c:/devkitPro/libogc/lib/wii\libfat.a(cache.o)
                              c:/devkitPro/libogc/lib/wii\libfat.a(partition.o) (_FAT_cache_destructor)
c:/devkitPro/libogc/lib/wii\libfat.a(disc.o)
                              c:/devkitPro/libogc/lib/wii\libfat.a(libfat.o) (_FAT_disc_interfaces)
c:/devkitPro/libogc/lib/wii\libfat.a(fatdir.o)
                              c:/devkitPro/libogc/lib/wii\libfat.a(libfat.o) (_FAT_link_r)
c:/devkitPro/libogc/lib/wii\libfat.a(fatfile.o)
                              c:/devkitPro/libogc/lib/wii\libfat.a(partition.o) (_FAT_syncToDisc)
c:/devkitPro/libogc/lib/wii\libfat.a(file_allocation_table.o)
                              c:/devkitPro/libogc/lib/wii\libfat.a(fatfile.o) (_FAT_fat_nextCluster)
c:/devkitPro/libogc/lib/wii\libfat.a(filetime.o)
                              c:/devkitPro/libogc/lib/wii\libfat.a(fatdir.o) (_FAT_filetime_getDateFromRTC)
c:/devkitPro/libogc/lib/wii\libfat.a(directory.o)
                              c:/devkitPro/libogc/lib/wii\libfat.a(fatdir.o) (_FAT_directory_entryGetCluster)
c:/devkitPro/libogc/lib/wii\libwiiuse.a(wpad.o)
                              common2.o (WPAD_ButtonsDown)
c:/devkitPro/libogc/lib/wii\libwiiuse.a(dynamics.o)
                              c:/devkitPro/libogc/lib/wii\libwiiuse.a(wpad.o) (calculate_gforce)
c:/devkitPro/libogc/lib/wii\libwiiuse.a(io_wii.o)
                              c:/devkitPro/libogc/lib/wii\libwiiuse.a(wpad.o) (wiiuse_disconnect)
c:/devkitPro/libogc/lib/wii\libwiiuse.a(ir.o)
                              c:/devkitPro/libogc/lib/wii\libwiiuse.a(wpad.o) (wiiuse_set_ir_vres)
c:/devkitPro/libogc/lib/wii\libwiiuse.a(wiiuse.o)
                              c:/devkitPro/libogc/lib/wii\libwiiuse.a(wpad.o) (wiiuse_set_flags)
c:/devkitPro/libogc/lib/wii\libwiiuse.a(events.o)
                              c:/devkitPro/libogc/lib/wii\libwiiuse.a(io_wii.o) (parse_event)
c:/devkitPro/libogc/lib/wii\libwiiuse.a(guitar_hero_3.o)
                              c:/devkitPro/libogc/lib/wii\libwiiuse.a(events.o) (guitar_hero_3_event)
c:/devkitPro/libogc/lib/wii\libwiiuse.a(io.o)
                              c:/devkitPro/libogc/lib/wii\libwiiuse.a(events.o) (wiiuse_disable_expansion)
c:/devkitPro/libogc/lib/wii\libwiiuse.a(nunchuk.o)
                              c:/devkitPro/libogc/lib/wii\libwiiuse.a(events.o) (nunchuk_event)
c:/devkitPro/libogc/lib/wii\libwiiuse.a(wiiboard.o)
                              c:/devkitPro/libogc/lib/wii\libwiiuse.a(events.o) (wii_board_event)
c:/devkitPro/libogc/lib/wii\libwiiuse.a(classic.o)
                              c:/devkitPro/libogc/lib/wii\libwiiuse.a(events.o) (classic_ctrl_event)
c:/devkitPro/libogc/lib/wii\libbte.a(bte.o)
                              c:/devkitPro/libogc/lib/wii\libwiiuse.a(io_wii.o) (bte_arg)
c:/devkitPro/libogc/lib/wii\libbte.a(hci.o)
                              c:/devkitPro/libogc/lib/wii\libbte.a(bte.o) (hci_arg)
c:/devkitPro/libogc/lib/wii\libbte.a(l2cap.o)
                              c:/devkitPro/libogc/lib/wii\libbte.a(hci.o) (lp_connect_ind)
c:/devkitPro/libogc/lib/wii\libbte.a(btmemb.o)
                              c:/devkitPro/libogc/lib/wii\libbte.a(bte.o) (btmemb_alloc)
c:/devkitPro/libogc/lib/wii\libbte.a(btmemr.o)
                              c:/devkitPro/libogc/lib/wii\libbte.a(hci.o) (btmemr_init)
c:/devkitPro/libogc/lib/wii\libbte.a(btpbuf.o)
                              c:/devkitPro/libogc/lib/wii\libbte.a(hci.o) (btpbuf_header)
c:/devkitPro/libogc/lib/wii\libbte.a(physbusif.o)
                              c:/devkitPro/libogc/lib/wii\libbte.a(bte.o) (physbusif_close)
c:/devkitPro/libogc/lib/wii\libogc.a(console.o)
                              template.o (CON_Init)
c:/devkitPro/libogc/lib/wii\libogc.a(lwp_queue.o)
                              c:/devkitPro/libogc/lib/wii\libwiiuse.a(io_wii.o) (__lwp_queue_initialize)
c:/devkitPro/libogc/lib/wii\libogc.a(lwp_threads.o)
                              c:/devkitPro/libogc/lib/wii\libwiiuse.a(wpad.o) (_thread_dispatch_disable_level)
c:/devkitPro/libogc/lib/wii\libogc.a(lwp.o)
                              c:/devkitPro/libogc/lib/wii\libbte.a(bte.o) (LWP_ThreadSignal)
c:/devkitPro/libogc/lib/wii\libogc.a(lwp_handler.o)
                              c:/devkitPro/libogc/lib/wii\libogc.a(lwp_threads.o) (_cpu_context_save_fp)
c:/devkitPro/libogc/lib/wii\libogc.a(lwp_stack.o)
                              c:/devkitPro/libogc/lib/wii\libogc.a(lwp_threads.o) (__lwp_stack_free)
c:/devkitPro/libogc/lib/wii\libogc.a(lwp_watchdog.o)
[...]
Memory Configuration

Name             Origin             Length             Attributes
*default*        0x00000000         0xffffffff

Linker script and memory map

                0x00003400                . = 0x3400

.stub
 *(.stub)
                0x80004000                . = 0x80004000

.init           0x80004000      0x208
 *crt0.o(*.init)
 .init          0x80004000      0x1e4 c:/devkitPro/libogc/lib/wii\libogc.a(ogc_crt0.o)
                0x8000419c                _memset
                0x80004000                _start
                0x800041cc                video_line
 *(.init)
 .init          0x800041e4        0xc c:/devkitpro/devkitppc/bin/../lib/gcc/powerpc-gekko/4.2.4/ecrti.o
                0x800041e4                __init
 .init          0x800041f0        0x4 c:/devkitpro/devkitppc/bin/../lib/gcc/powerpc-gekko/4.2.4/crtbegin.o
 .init          0x800041f4        0x4 c:/devkitpro/devkitppc/bin/../lib/gcc/powerpc-gekko/4.2.4/crtend.o
 .init          0x800041f8       0x10 c:/devkitpro/devkitppc/bin/../lib/gcc/powerpc-gekko/4.2.4/ecrtn.o

.plt
 *(.plt)

.interp
 *(.interp)

.hash
 *(.hash)

.dynsym
 *(.dynsym)

.dynstr
 *(.dynstr)

.gnu.version
 *(.gnu.version)

.gnu.version_d
 *(.gnu.version_d)

.gnu.version_r
 *(.gnu.version_r)

.rel.init
 *(.rel.init)

.rela.init      0x80004208        0x0
 *(.rela.init)
 .rela.init     0x00000000        0x0 c:/devkitpro/devkitppc/bin/../lib/gcc/powerpc-gekko/4.2.4/crtbegin.o

.rel.text
 *(.rel.text .rel.text.* .rel.gnu.linkonce.t.*)

.rela.text      0x80004208        0x0
 *(.rela.text .rela.text.* .rela.gnu.linkonce.t.*)
 .rela.text     0x00000000        0x0 c:/devkitpro/devkitppc/bin/../lib/gcc/powerpc-gekko/4.2.4/crtbegin.o
 .rela.text.write_exact
                0x00000000        0x0 c:/devkitpro/devkitppc/bin/../lib/gcc/powerpc-gekko/4.2.4/crtbegin.o
 .rela.text.csocket
                0x00000000        0x0 c:/devkitpro/devkitppc/bin/../lib/gcc/powerpc-gekko/4.2.4/crtbegin.o
 .rela.text.main
                0x00000000        0x0 c:/devkitpro/devkitppc/bin/../lib/gcc/powerpc-gekko/4.2.4/crtbegin.o
 .rela.text._500
                0x00000000        0x0 c:/devkitpro/devkitppc/bin/../lib/gcc/powerpc-gekko/4.2.4/crtbegin.o
 .rela.text._404
                0x00000000        0x0 c:/devkitpro/devkitppc/bin/../lib/gcc/powerpc-gekko/4.2.4/crtbegin.o
 .rela.text.sdpage
                0x00000000        0x0 c:/devkitpro/devkitppc/bin/../lib/gcc/powerpc-gekko/4.2.4/crtbegin.o
 .rela.text.fatUnmount
                0x00000000        0x0 c:/devkitpro/devkitppc/bin/../lib/gcc/powerpc-gekko/4.2.4/crtbegin.o
 .rela.text.fatInit
                0x00000000        0x0 c:/devkitpro/devkitppc/bin/../lib/gcc/powerpc-gekko/4.2.4/crtbegin.o
 .rela.text.get_io_wiisd
                0x00000000        0x0 c:/devkitpro/devkitppc/bin/../lib/gcc/powerpc-gekko/4.2.4/crtbegin.o
 .rela.text.get_io_usbstorage
                0x00000000        0x0 c:/devkitpro/devkitppc/bin/../lib/gcc/powerpc-gekko/4.2.4/crtbegin.o
 .rela.text._FAT_directory_mbsncasecmp
                0x00000000        0x0 c:/devkitpro/devkitppc/bin/../lib/gcc/powerpc-gekko/4.2.4/crtbegin.o
 .rela.text._FAT_directory_ucs2tombs
                0x00000000        0x0 c:/devkitpro/devkitppc/bin/../lib/gcc/powerpc-gekko/4.2.4/crtbegin.o
 .rela.text._FAT_directory_addEntry
                0x00000000        0x0 c:/devkitpro/devkitppc/bin/../lib/gcc/powerpc-gekko/4.2.4/crtbegin.o
 .rela.text.wiiuse_init_cmd_queue
                0x00000000        0x0 c:/devkitpro/devkitppc/bin/../lib/gcc/powerpc-gekko/4.2.4/crtbegin.o
 .rela.text.wiiuse_init
                0x00000000        0x0 c:/devkitpro/devkitppc/bin/../lib/gcc/powerpc-gekko/4.2.4/crtbegin.o
 .rela.text.guitar_hero_3_handshake
                0x00000000        0x0 c:/devkitpro/devkitppc/bin/../lib/gcc/powerpc-gekko/4.2.4/crtbegin.o
 .rela.text.wiiuse_handshake_expansion
                0x00000000        0x0 c:/devkitpro/devkitppc/bin/../lib/gcc/powerpc-gekko/4.2.4/crtbegin.o
 .rela.text.wiiuse_handshake
                0x00000000        0x0 c:/devkitpro/devkitppc/bin/../lib/gcc/powerpc-gekko/4.2.4/crtbegin.o
 .rela.text.bt_alarmhandler
                0x00000000        0x0 c:/devkitpro/devkitppc/bin/../lib/gcc/powerpc-gekko/4.2.4/crtbegin.o
 .rela.text.CON_EnableGecko
                0x00000000        0x0 c:/devkitpro/devkitppc/bin/../lib/gcc/powerpc-gekko/4.2.4/crtbegin.o
 .rela.text.__console_init
                0x00000000        0x0 c:/devkitpro/devkitppc/bin/../lib/gcc/powerpc-gekko/4.2.4/crtbegin.o
 .rela.text.__console_init_ex
                0x00000000        0x0 c:/devkitpro/devkitppc/bin/../lib/gcc/powerpc-gekko/4.2.4/crtbegin.o
 .rela.text.__lwp_rotate_readyqueue
                0x00000000        0x0 c:/devkitpro/devkitppc/bin/../lib/gcc/powerpc-gekko/4.2.4/crtbegin.o
 .rela.text.__lwp_thread_setstate
                0x00000000        0x0 c:/devkitpro/devkitppc/bin/../lib/gcc/powerpc-gekko/4.2.4/crtbegin.o
 .rela.text.__lwp_thread_setpriority
                0x00000000        0x0 c:/devkitpro/devkitppc/bin/../lib/gcc/powerpc-gekko/4.2.4/crtbegin.o
 .rela.text.__lwp_thread_ready
                0x00000000        0x0 c:/devkitpro/devkitppc/bin/../lib/gcc/powerpc-gekko/4.2.4/crtbegin.o
 .rela.text.__lwp_thread_close
                0x00000000        0x0 c:/devkitpro/devkitppc/bin/../lib/gcc/powerpc-gekko/4.2.4/crtbegin.o
 .rela.text.__lwp_thread_closeall
                0x00000000        0x0 c:/devkitpro/devkitppc/bin/../lib/gcc/powerpc-gekko/4.2.4/crtbegin.o
 .rela.text.__lwp_thread_stopmultitasking
                0x00000000        0x0 c:/devkitpro/devkitppc/bin/../lib/gcc/powerpc-gekko/4.2.4/crtbegin.o
 .rela.text.__lwp_thread_changepriority
                0x00000000        0x0 c:/devkitpro/devkitppc/bin/../lib/gcc/powerpc-gekko/4.2.4/crtbegin.o
 .rela.text.__lwp_thread_coreinit
                0x00000000        0x0 c:/devkitpro/devkitppc/bin/../lib/gcc/powerpc-gekko/4.2.4/crtbegin.o
 .rela.text.__lwp_thread_suspend
                0x00000000        0x0 c:/devkitpro/devkitppc/bin/../lib/gcc/powerpc-gekko/4.2.4/crtbegin.o
 .rela.text.__lwp_thread_startmultitasking
                0x00000000        0x0 c:/devkitpro/devkitppc/bin/../lib/gcc/powerpc-gekko/4.2.4/crtbegin.o
 .rela.text.__lwp_thread_tickle_timeslice
                0x00000000        0x0 c:/devkitpro/devkitppc/bin/../lib/gcc/powerpc-gekko/4.2.4/crtbegin.o
 .rela.text.__lwp_thread_context
                0x00000000        0x0 c:/devkitpro/devkitppc/bin/../lib/gcc/powerpc-gekko/4.2.4/crtbegin.o
 .rela.text.__lwp_thread_exists
                0x00000000        0x0 c:/devkitpro/devkitppc/bin/../lib/gcc/powerpc-gekko/4.2.4/crtbegin.o
 .rela.text.__lwp_thread_isalive
                0x00000000        0x0 c:/devkitpro/devkitppc/bin/../lib/gcc/powerpc-gekko/4.2.4/crtbegin.o
 .rela.text.__lwp_sysinit
                0x00000000        0x0 c:/devkitpro/devkitppc/bin/../lib/gcc/powerpc-gekko/4.2.4/crtbegin.o
 .rela.text.LWP_ThreadSignal
                0x00000000        0x0 c:/devkitpro/devkitppc/bin/../lib/gcc/powerpc-gekko/4.2.4/crtbegin.o
 .rela.text.LWP_ThreadBroadcast
                0x00000000        0x0 c:/devkitpro/devkitppc/bin/../lib/gcc/powerpc-gekko/4.2.4/crtbegin.o
 .rela.text.LWP_ThreadSleep
                0x00000000        0x0 c:/devkitpro/devkitppc/bin/../lib/gcc/powerpc-gekko/4.2.4/crtbegin.o
 .rela.text.LWP_CloseQueue
                0x00000000        0x0 c:/devkitpro/devkitppc/bin/../lib/gcc/powerpc-gekko/4.2.4/crtbegin.o
 .rela.text.LWP_InitQueue
                0x00000000        0x0 c:/devkitpro/devkitppc/bin/../lib/gcc/powerpc-gekko/4.2.4/crtbegin.o
 .rela.text.LWP_JoinThread
                0x00000000        0x0 c:/devkitpro/devkitppc/bin/../lib/gcc/powerpc-gekko/4.2.4/crtbegin.o
 .rela.text.LWP_ThreadIsSuspended
                0x00000000        0x0 c:/devkitpro/devkitppc/bin/../lib/gcc/powerpc-gekko/4.2.4/crtbegin.o
 .rela.text.LWP_SetThreadPriority
                0x00000000        0x0 c:/devkitpro/devkitppc/bin/../lib/gcc/powerpc-gekko/4.2.4/crtbegin.o
 .rela.text.LWP_ResumeThread
                0x00000000        0x0 c:/devkitpro/devkitppc/bin/../lib/gcc/powerpc-gekko/4.2.4/crtbegin.o
 .rela.text.LWP_SuspendThread
                0x00000000        0x0 c:/devkitpro/devkitppc/bin/../lib/gcc/powerpc-gekko/4.2.4/crtbegin.o
 .rela.text.LWP_CreateThread
                0x00000000        0x0 c:/devkitpro/devkitppc/bin/../lib/gcc/powerpc-gekko/4.2.4/crtbegin.o
 .rela.text.__lwp_stack_free
                0x00000000        0x0 c:/devkitpro/devkitppc/bin/../lib/gcc/powerpc-gekko/4.2.4/crtbegin.o
 .rela.text.__lwp_stack_allocate
                0x00000000        0x0 c:/devkitpro/devkitppc/bin/../lib/gcc/powerpc-gekko/4.2.4/crtbegin.o
 .rela.text.__lwp_watchdog_init
                0x00000000        0x0 c:/devkitpro/devkitppc/bin/../lib/gcc/powerpc-gekko/4.2.4/crtbegin.o
 .rela.text.__lwp_wd_tickle
                0x00000000        0x0 c:/devkitpro/devkitppc/bin/../lib/gcc/powerpc-gekko/4.2.4/crtbegin.o
 .rela.text.__lwp_wkspace_init
                0x00000000        0x0 c:/devkitpro/devkitppc/bin/../lib/gcc/powerpc-gekko/4.2.4/crtbegin.o
 .rela.text.__lwp_wkspace_heapused
                0x00000000        0x0 c:/devkitpro/devkitppc/bin/../lib/gcc/powerpc-gekko/4.2.4/crtbegin.o
 .rela.text.__lwp_wkspace_heapfree
                0x00000000        0x0 c:/devkitpro/devkitppc/bin/../lib/gcc/powerpc-gekko/4.2.4/crtbegin.o
 .rela.text.__lwp_objmgr_initinfo
                0x00000000        0x0 c:/devkitpro/devkitppc/bin/../lib/gcc/powerpc-gekko/4.2.4/crtbegin.o
 .rela.text.__irq_init
                0x00000000        0x0 c:/devkitpro/devkitppc/bin/../lib/gcc/powerpc-gekko/4.2.4/crtbegin.o
 .rela.text.LWP_MutexInit
                0x00000000        0x0 c:/devkitpro/devkitppc/bin/../lib/gcc/powerpc-gekko/4.2.4/crtbegin.o
 .rela.text.__lwp_mutex_init
                0x00000000        0x0 c:/devkitpro/devkitppc/bin/../lib/gcc/powerpc-gekko/4.2.4/crtbegin.o
 .rela.text.LWP_MutexDestroy
                0x00000000        0x0 c:/devkitpro/devkitppc/bin/../lib/gcc/powerpc-gekko/4.2.4/crtbegin.o
 .rela.text.__lwp_mutex_locksupp
                0x00000000        0x0 c:/devkitpro/devkitppc/bin/../lib/gcc/powerpc-gekko/4.2.4/crtbegin.o
 .rela.text.LWP_MutexUnlock
                0x00000000        0x0 c:/devkitpro/devkitppc/bin/../lib/gcc/powerpc-gekko/4.2.4/crtbegin.o
 .rela.text.__sram_sync
                0x00000000        0x0 c:/devkitpro/devkitppc/bin/../lib/gcc/powerpc-gekko/4.2.4/crtbegin.o
 .rela.text.__locksram
                0x00000000        0x0 c:/devkitpro/devkitppc/bin/../lib/gcc/powerpc-gekko/4.2.4/crtbegin.o
 .rela.text.__sram_init
                0x00000000        0x0 c:/devkitpro/devkitppc/bin/../lib/gcc/powerpc-gekko/4.2.4/crtbegin.o
 .rela.text.SYS_Init
                0x00000000        0x0 c:/devkitpro/devkitppc/bin/../lib/gcc/powerpc-gekko/4.2.4/crtbegin.o
 .rela.text.__unlocksram
                0x00000000        0x0 c:/devkitpro/devkitppc/bin/../lib/gcc/powerpc-gekko/4.2.4/crtbegin.o
 .rela.text.__sram_writecallback
                0x00000000        0x0 c:/devkitpro/devkitppc/bin/../lib/gcc/powerpc-gekko/4.2.4/crtbegin.o
 .rela.text.SYS_CancelAlarm
                0x00000000        0x0 c:/devkitpro/devkitppc/bin/../lib/gcc/powerpc-gekko/4.2.4/crtbegin.o
 .rela.text.SYS_RemoveAlarm
                0x00000000        0x0 c:/devkitpro/devkitppc/bin/../lib/gcc/powerpc-gekko/4.2.4/crtbegin.o
 .rela.text.SYS_SetAlarm
                0x00000000        0x0 c:/devkitpro/devkitppc/bin/../lib/gcc/powerpc-gekko/4.2.4/crtbegin.o
 .rela.text.__sys_alarmhandler
                0x00000000        0x0 c:/devkitpro/devkitppc/bin/../lib/gcc/powerpc-gekko/4.2.4/crtbegin.o
 .rela.text.SYS_SetPeriodicAlarm
                0x00000000        0x0 c:/devkitpro/devkitppc/bin/../lib/gcc/powerpc-gekko/4.2.4/crtbegin.o
 .rela.text.__lwp_cond_init
                0x00000000        0x0 c:/devkitpro/devkitppc/bin/../lib/gcc/powerpc-gekko/4.2.4/crtbegin.o
 .rela.text.LWP_CondDestroy
                0x00000000        0x0 c:/devkitpro/devkitppc/bin/../lib/gcc/powerpc-gekko/4.2.4/crtbegin.o
 .rela.text.LWP_CondInit
                0x00000000        0x0 c:/devkitpro/devkitppc/bin/../lib/gcc/powerpc-gekko/4.2.4/crtbegin.o
 .rela.text.__lwp_cond_signalsupp
                0x00000000        0x0 c:/devkitpro/devkitppc/bin/../lib/gcc/powerpc-gekko/4.2.4/crtbegin.o
 .rela.text.__lwp_cond_waitsupp
                0x00000000        0x0 c:/devkitpro/devkitppc/bin/../lib/gcc/powerpc-gekko/4.2.4/crtbegin.o
 .rela.text.c_decrementer_handler
                0x00000000        0x0 c:/devkitpro/devkitppc/bin/../lib/gcc/powerpc-gekko/4.2.4/crtbegin.o
 .rela.text.__lwp_mqbox_init
                0x00000000        0x0 c:/devkitpro/devkitppc/bin/../lib/gcc/powerpc-gekko/4.2.4/crtbegin.o
 .rela.text.MQ_Close
                0x00000000        0x0 c:/devkitpro/devkitppc/bin/../lib/gcc/powerpc-gekko/4.2.4/crtbegin.o
 .rela.text.MQ_Init
                0x00000000        0x0 c:/devkitpro/devkitppc/bin/../lib/gcc/powerpc-gekko/4.2.4/crtbegin.o
 .rela.text.MQ_Jam
                0x00000000        0x0 c:/devkitpro/devkitppc/bin/../lib/gcc/powerpc-gekko/4.2.4/crtbegin.o
 .rela.text.MQ_Receive
                0x00000000        0x0 c:/devkitpro/devkitppc/bin/../lib/gcc/powerpc-gekko/4.2.4/crtbegin.o
 .rela.text.MQ_Send
                0x00000000        0x0 c:/devkitpro/devkitppc/bin/../lib/gcc/powerpc-gekko/4.2.4/crtbegin.o
 .rela.text.__ios_ioctlvformat_parse
                0x00000000        0x0 c:/devkitpro/devkitppc/bin/../lib/gcc/powerpc-gekko/4.2.4/crtbegin.o
 .rela.text.__ioctlvfmtCB
                0x00000000        0x0 c:/devkitpro/devkitppc/bin/../lib/gcc/powerpc-gekko/4.2.4/crtbegin.o
 .rela.text.IOS_IoctlvFormatAsync
                0x00000000        0x0 c:/devkitpro/devkitppc/bin/../lib/gcc/powerpc-gekko/4.2.4/crtbegin.o
 .rela.text.IOS_IoctlvFormat
                0x00000000        0x0 c:/devkitpro/devkitppc/bin/../lib/gcc/powerpc-gekko/4.2.4/crtbegin.o
 .rela.text.nanosleep
                0x00000000        0x0 c:/devkitpro/devkitppc/bin/../lib/gcc/powerpc-gekko/4.2.4/crtbegin.o
 .rela.text.__libc_init
                0x00000000        0x0 c:/devkitpro/devkitppc/bin/../lib/gcc/powerpc-gekko/4.2.4/crtbegin.o
 .rela.text.__libc_wrapup
                0x00000000        0x0 c:/devkitpro/devkitppc/bin/../lib/gcc/powerpc-gekko/4.2.4/crtbegin.o
 .rela.text.__libc_delete_hook
                0x00000000        0x0 c:/devkitpro/devkitppc/bin/../lib/gcc/powerpc-gekko/4.2.4/crtbegin.o
 .rela.text.__CheckARGV
                0x00000000        0x0 c:/devkitpro/devkitppc/bin/../lib/gcc/powerpc-gekko/4.2.4/crtbegin.o
 .rela.text.__lwp_priority_init
                0x00000000        0x0 c:/devkitpro/devkitppc/bin/../lib/gcc/powerpc-gekko/4.2.4/crtbegin.o
 .rela.text.__lwp_threadqueue_extractpriority
                0x00000000        0x0 c:/devkitpro/devkitppc/bin/../lib/gcc/powerpc-gekko/4.2.4/crtbegin.o
 .rela.text.__lwp_threadqueue_extractfifo
                0x00000000        0x0 c:/devkitpro/devkitppc/bin/../lib/gcc/powerpc-gekko/4.2.4/crtbegin.o
 .rela.text.__lwp_threadqueue_dequeuepriority
                0x00000000        0x0 c:/devkitpro/devkitppc/bin/../lib/gcc/powerpc-gekko/4.2.4/crtbegin.o
 .rela.text.__lwp_threadqueue_enqueuepriority
                0x00000000        0x0 c:/devkitpro/devkitppc/bin/../lib/gcc/powerpc-gekko/4.2.4/crtbegin.o
 .rela.text.__lwp_threadqueue_dequeuefifo
                0x00000000        0x0 c:/devkitpro/devkitppc/bin/../lib/gcc/powerpc-gekko/4.2.4/crtbegin.o
 .rela.text.__lwp_threadqueue_enqueuefifo
                0x00000000        0x0 c:/devkitpro/devkitppc/bin/../lib/gcc/powerpc-gekko/4.2.4/crtbegin.o
 .rela.text.__lwp_threadqueue_enqueue
                0x00000000        0x0 c:/devkitpro/devkitppc/bin/../lib/gcc/powerpc-gekko/4.2.4/crtbegin.o
 .rela.text.__lwpmq_close
                0x00000000        0x0 c:/devkitpro/devkitppc/bin/../lib/gcc/powerpc-gekko/4.2.4/crtbegin.o
 .rela.text.__lwpmq_initialize
                0x00000000        0x0 c:/devkitpro/devkitppc/bin/../lib/gcc/powerpc-gekko/4.2.4/crtbegin.o
 .rela.text.__exception_sethandler
                0x00000000        0x0 c:/devkitpro/devkitppc/bin/../lib/gcc/powerpc-gekko/4.2.4/crtbegin.o
 .rela.text.__exception_init
                0x00000000        0x0 c:/devkitpro/devkitppc/bin/../lib/gcc/powerpc-gekko/4.2.4/crtbegin.o
 .rela.text.__systemcall_init
                0x00000000        0x0 c:/devkitpro/devkitppc/bin/../lib/gcc/powerpc-gekko/4.2.4/crtbegin.o
 .rela.text.__lwp_sema_init
                0x00000000        0x0 c:/devkitpro/devkitppc/bin/../lib/gcc/powerpc-gekko/4.2.4/crtbegin.o
 .rela.text.LWP_SemInit
                0x00000000        0x0 c:/devkitpro/devkitppc/bin/../lib/gcc/powerpc-gekko/4.2.4/crtbegin.o
 .rela.text.LWP_SemDestroy
                0x00000000        0x0 c:/devkitpro/devkitppc/bin/../lib/gcc/powerpc-gekko/4.2.4/crtbegin.o
 .rela.text.LWP_SemPost
                0x00000000        0x0 c:/devkitpro/devkitppc/bin/../lib/gcc/powerpc-gekko/4.2.4/crtbegin.o
 .rela.text.LWP_SemWait
                0x00000000        0x0 c:/devkitpro/devkitppc/bin/../lib/gcc/powerpc-gekko/4.2.4/crtbegin.o
 .rela.text.kprintf
                0x00000000        0x0 c:/devkitpro/devkitppc/bin/../lib/gcc/powerpc-gekko/4.2.4/crtbegin.o

.rel.fini
 *(.rel.fini)

.rela.fini
 *(.rela.fini)

.rel.rodata
 *(.rel.rodata .rel.rodata.* .rel.gnu.linkonce.r.*)

.rela.rodata    0x80004208        0x0
 *(.rela.rodata .rela.rodata.* .rela.gnu.linkonce.r.*)
 .rela.rodata.dotab_fat
                0x00000000        0x0 c:/devkitpro/devkitppc/bin/../lib/gcc/powerpc-gekko/4.2.4/crtbegin.o

.rel.data
 *(.rel.data .rel.data.* .rel.gnu.linkonce.d.*)

.rela.data
 *(.rela.data .rela.data.* .rela.gnu.linkonce.d.*)

.rel.tdata
 *(.rel.tdata .rel.tdata.* .rel.gnu.linkonce.td.*)

.rela.tdata
 *(.rela.tdata .rela.tdata.* .rela.gnu.linkonce.td.*)

.rel.tbss
 *(.rel.tbss .rel.tbss.* .rel.gnu.linkonce.tb.*)

.rela.tbss
 *(.rela.tbss .rela.tbss.* .rela.gnu.linkonce.tb.*)

.rel.ctors
 *(.rel.ctors)

.rela.ctors
 *(.rela.ctors)

.rel.dtors
 *(.rel.dtors)

.rela.dtors
 *(.rela.dtors)

.rel.got
 *(.rel.got)

.rela.got
 *(.rela.got)

.rela.got1
 *(.rela.got1)

.rela.got2      0x80004208        0x0
 *(.rela.got2)
 .rela.got2     0x00000000        0x0 c:/devkitpro/devkitppc/bin/../lib/gcc/powerpc-gekko/4.2.4/crtbegin.o

.rel.sdata
 *(.rel.sdata .rel.sdata.* .rel.gnu.linkonce.s.*)

.rela.sdata
 *(.rela.sdata .rela.sdata.* .rela.gnu.linkonce.s.*)

.rel.sbss
 *(.rel.sbss .rel.sbss.* .rel.gnu.linkonce.sb.*)

.rela.sbss
 *(.rela.sbss .rela.sbss.* .rel.gnu.linkonce.sb.*)

.rel.sdata2
 *(.rel.sdata2 .rel.sdata2.* .rel.gnu.linkonce.s2.*)

.rela.sdata2    0x80004208        0x0
 *(.rela.sdata2 .rela.sdata2.* .rela.gnu.linkonce.s2.*)
 .rela.sdata2.__sys_inIPL
                0x00000000        0x0 c:/devkitpro/devkitppc/bin/../lib/gcc/powerpc-gekko/4.2.4/crtbegin.o

.rel.sbss2
 *(.rel.sbss2 .rel.sbss2.* .rel.gnu.linkonce.sb2.*)

.rela.sbss2
 *(.rela.sbss2 .rela.sbss2.* .rela.gnu.linkonce.sb2.*)

.rel.bss
 *(.rel.bss .rel.bss.* .rel.gnu.linkonce.b.*)

.rela.bss
 *(.rela.bss .rela.bss.* .rela.gnu.linkonce.b.*)

.rel.plt
 *(.rel.plt)

.rela.plt
 *(.rela.plt)

.text           0x80004220    0x430c0
 *(.text)
 .text          0x80004220      0x140 c:/devkitpro/devkitppc/bin/../lib/gcc/powerpc-gekko/4.2.4/crtbegin.o
 .text          0x80004360       0x48 c:/devkitpro/devkitppc/bin/../lib/gcc/powerpc-gekko/4.2.4/../../../../powerpc-gekko/lib/crtmain.o
                0x80004364                __crtmain
 *fill*         0x800043a8       0x18 00000000
 .text          0x800043c0      0x4ec c:/devkitPro/libogc/lib/wii\libogc.a(lwp_handler.o)
                0x80004500                _cpu_context_restore_fp
                0x800047c0                _cpu_context_save
                0x800043c0                _cpu_context_save_fp
                0x80004640                _cpu_context_switch
                0x80004840                _cpu_context_restore
 .text          0x800048ac      0x5c4 c:/devkitPro/libogc/lib/wii\libogc.a(system_asm.o)
                0x80004944                __configMEM1_48Mb
                0x80004dd0                __reset
                0x800048ac                __realmode
                0x80004cb4                __CacheInit
                0x80004aa4                __configMEM2_64Mb
                0x80004d18                __SystemInit
                0x80004c00                __configMEM2_128Mb
                0x800048c4                __configMEM1_24Mb
                0x80004c7c                __PSInit
                0x800049c4                __configMEM2_56Mb
                0x80004b20                __configMEM2_112Mb
                0x80004d9c                __flush_cache
                0x80004e40                SYS_SwitchFiber
 .text          0x80004e70      0x1b0 c:/devkitPro/libogc/lib/wii\libogc.a(irq_handler.o)
                0x80004e70                irq_exceptionhandler
 .text          0x80005020      0x4d8 c:/devkitPro/libogc/lib/wii\libogc.a(cache_asm.o)
                0x800052fc                L2Disable
                0x80005084                DCBlockZero
                0x8000513c                DCFlushRangeNoSync
                0x80005290                ICBlockInvalidate
                0x80005020                DCFlashInvalidate
                0x8000508c                DCBlockStore
                0x8000519c                DCZeroRange
                0x800054b0                LCLoadBlocks
                0x8000507c                DCTouchLoad
                0x80005470                LCAllocTags
                0x80005258                ICDisable
                0x80005244                ICEnable
                0x80005314                L2GlobalInvalidate
                0x800054d4                LCStoreBlocks
                0x80005234                ICFlashInvalidate
                0x800051cc                DCTouchRange
                0x8000516c                DCStoreRangeNoSync
                0x8000526c                ICFreeze
                0x80005044                DCDisable
                0x80005094                DCBlockFlush
                0x80005030                DCEnable
                0x800052e8                L2Enable
                0x8000536c                __LCEnable
                0x800050a4                DCInvalidateRange
                0x8000545c                LCAllocOneTag
                0x8000506c                DCUnfreeze
                0x800051fc                ICInvalidateRange
                0x800050d4                DCFlushRange
                0x80005298                ICSync
                0x8000509c                DCBlockInvalidate
                0x80005058                DCFreeze
                0x800052a0                L2Init
                0x80005280                ICUnfreeze
                0x80005108                DCStoreRange
                0x80005434                LCDisable
 .text          0x800054f8      0x1b0 c:/devkitPro/libogc/lib/wii\libogc.a(decrementer_handler.o)
                0x800054f8                dec_exceptionhandler
 .text          0x800056a8      0x34c c:/devkitPro/libogc/lib/wii\libogc.a(exception_handler.o)
                0x800056a8                exceptionhandler_start
                0x8000575c                default_exceptionhandler
                0x800059f0                systemcallhandler_end
                0x800059d4                systemcallhandler_start
                0x80005758                exceptionhandler_end
                0x80005724                exceptionhandler_patch
                0x8000589c                fpu_exceptionhandler
 .text          0x800059f4       0x34 c:/devkitpro/devkitppc/bin/../lib/gcc/powerpc-gekko/4.2.4/../../../../powerpc-gekko/lib\libm.a(lib_a-s_atan2.o)
                0x800059f4                atan2
 .text          0x80005a28      0x284 c:/devkitpro/devkitppc/bin/../lib/gcc/powerpc-gekko/4.2.4/../../../../powerpc-gekko/lib\libm.a(lib_a-s_atangent.o)
                0x80005a28                atangent
 .text          0x80005cac       0x24 c:/devkitpro/devkitppc/bin/../lib/gcc/powerpc-gekko/4.2.4/../../../../powerpc-gekko/lib\libm.a(lib_a-s_cos.o)
                0x80005cac                cos
 .text          0x80005cd0       0xb4 c:/devkitpro/devkitppc/bin/../lib/gcc/powerpc-gekko/4.2.4/../../../../powerpc-gekko/lib\libm.a(lib_a-s_fabs.o)
                0x80005cd0                fabs
 .text          0x80005d84       0xb4 c:/devkitpro/devkitppc/bin/../lib/gcc/powerpc-gekko/4.2.4/../../../../powerpc-gekko/lib\libm.a(lib_a-s_frexp.o)
                0x80005d84                frexp
 .text          0x80005e38       0x50 c:/devkitpro/devkitppc/bin/../lib/gcc/powerpc-gekko/4.2.4/../../../../powerpc-gekko/lib\libm.a(lib_a-s_numtest.o)
                0x80005e38                numtest
 .text          0x80005e88       0x24 c:/devkitpro/devkitppc/bin/../lib/gcc/powerpc-gekko/4.2.4/../../../../powerpc-gekko/lib\libm.a(lib_a-s_sin.o)
                0x80005e88                sin
 .text          0x80005eac      0x2c4 c:/devkitpro/devkitppc/bin/../lib/gcc/powerpc-gekko/4.2.4/../../../../powerpc-gekko/lib\libm.a(lib_a-s_sine.o)
                0x80005eac                sine
 .text          0x80006170      0x184 c:/devkitpro/devkitppc/bin/../lib/gcc/powerpc-gekko/4.2.4/../../../../powerpc-gekko/lib\libm.a(lib_a-s_sqrt.o)
                0x80006170                sqrt
 .text          0x800062f4       0xc8 c:/devkitpro/devkitppc/bin/../lib/gcc/powerpc-gekko/4.2.4/../../../../powerpc-gekko/lib\libm.a(lib_a-sf_atan.o)
                0x800062f4                atanf
 .text          0x800063bc       0x38 c:/devkitpro/devkitppc/bin/../lib/gcc/powerpc-gekko/4.2.4/../../../../powerpc-gekko/lib\libm.a(lib_a-sf_atan2.o)
                0x800063bc                atan2f
 .text          0x800063f4      0x250 c:/devkitpro/devkitppc/bin/../lib/gcc/powerpc-gekko/4.2.4/../../../../powerpc-gekko/lib\libm.a(lib_a-sf_atangent.o)
                0x800063f4                atangentf
 .text          0x80006644       0x24 c:/devkitpro/devkitppc/bin/../lib/gcc/powerpc-gekko/4.2.4/../../../../powerpc-gekko/lib\libm.a(lib_a-sf_cos.o)
                0x80006644                cosf
 .text          0x80006668       0xb4 c:/devkitpro/devkitppc/bin/../lib/gcc/powerpc-gekko/4.2.4/../../../../powerpc-gekko/lib\libm.a(lib_a-sf_fabs.o)
                0x80006668                fabsf
 .text          0x8000671c       0xa8 c:/devkitpro/devkitppc/bin/../lib/gcc/powerpc-gekko/4.2.4/../../../../powerpc-gekko/lib\libm.a(lib_a-sf_fpclassify.o)
                0x8000671c                __fpclassifyf
 .text          0x800067c4       0x90 c:/devkitpro/devkitppc/bin/../lib/gcc/powerpc-gekko/4.2.4/../../../../powerpc-gekko/lib\libm.a(lib_a-sf_frexp.o)
                0x800067c4                frexpf
 .text          0x80006854       0x24 c:/devkitpro/devkitppc/bin/../lib/gcc/powerpc-gekko/4.2.4/../../../../powerpc-gekko/lib\libm.a(lib_a-sf_isinff.o)
                0x80006854                __isinff
 .text          0x80006878       0x28 c:/devkitpro/devkitppc/bin/../lib/gcc/powerpc-gekko/4.2.4/../../../../powerpc-gekko/lib\libm.a(lib_a-sf_isnanf.o)
                0x80006878                __isnanf
 .text          0x800068a0       0x48 c:/devkitpro/devkitppc/bin/../lib/gcc/powerpc-gekko/4.2.4/../../../../powerpc-gekko/lib\libm.a(lib_a-sf_numtest.o)
                0x800068a0                numtestf
 .text          0x800068e8       0x24 c:/devkitpro/devkitppc/bin/../lib/gcc/powerpc-gekko/4.2.4/../../../../powerpc-gekko/lib\libm.a(lib_a-sf_sin.o)
                0x800068e8                sinf
 .text          0x8000690c      0x2b8 c:/devkitpro/devkitppc/bin/../lib/gcc/powerpc-gekko/4.2.4/../../../../powerpc-gekko/lib\libm.a(lib_a-sf_sine.o)
                0x8000690c                sinef
 .text          0x80006bc4      0x190 c:/devkitpro/devkitppc/bin/../lib/gcc/powerpc-gekko/4.2.4/../../../../powerpc-gekko/lib\libm.a(lib_a-sf_sqrt.o)
                0x80006bc4                sqrtf
 .text          0x80006d54       0x1c c:/devkitpro/devkitppc/bin/../lib/gcc/powerpc-gekko/4.2.4/../../../../powerpc-gekko/lib\libm.a(lib_a-s_ispos.o)
                0x80006d54                ispos
 .text          0x80006d70      0x154 c:/devkitpro/devkitppc/bin/../lib/gcc/powerpc-gekko/4.2.4/../../../../powerpc-gekko/lib\libm.a(lib_a-s_ldexp.o)
                0x80006d70                ldexp
 .text          0x80006ec4       0x1c c:/devkitpro/devkitppc/bin/../lib/gcc/powerpc-gekko/4.2.4/../../../../powerpc-gekko/lib\libm.a(lib_a-sf_ispos.o)
                0x80006ec4                isposf
 .text          0x80006ee0      0x14c c:/devkitpro/devkitppc/bin/../lib/gcc/powerpc-gekko/4.2.4/../../../../powerpc-gekko/lib\libm.a(lib_a-sf_ldexp.o)
                0x80006ee0                ldexpf
 .text          0x8000702c      0x408 c:/devkitpro/devkitppc/bin/../lib/gcc/powerpc-gekko/4.2.4\libgcc.a(_udivdi3.o)
                0x8000702c                __udivdi3
 .text          0x80007434       0x28 c:/devkitpro/devkitppc/bin/../lib/gcc/powerpc-gekko/4.2.4/../../../../powerpc-gekko/lib\libsysbase.a(abort.o)
                0x80007434                abort
 .text          0x8000745c      0x2c4 c:/devkitpro/devkitppc/bin/../lib/gcc/powerpc-gekko/4.2.4/../../../../powerpc-gekko/lib\libsysbase.a(iosupport.o)
                0x800076d0                RemoveDevice
                0x8000745c                setDefaultDevice
                0x80007474                AddDevice
                0x8000768c                GetDeviceOpTab
                0x8000759c                FindDevice
 .text          0x80007720       0x28 c:/devkitpro/devkitppc/bin/../lib/gcc/powerpc-gekko/4.2.4/../../../../powerpc-gekko/lib\libsysbase.a(_exit.o)
                0x80007720                _exit
 .text          0x80007748      0x510 c:/devkitpro/devkitppc/bin/../lib/gcc/powerpc-gekko/4.2.4/../../../../powerpc-gekko/lib\libsysbase.a(chdir.o)
                0x80007ad0                chdir
                0x80007748                getcwd
                0x8000782c                _concatenate_path
 .text          0x80007c58       0x9c c:/devkitpro/devkitppc/bin/../lib/gcc/powerpc-gekko/4.2.4/../../../../powerpc-gekko/lib\libsysbase.a(build_argv.o)
                0x80007c58                build_argv
 .text          0x80007cf4      0x168 c:/devkitpro/devkitppc/bin/../lib/gcc/powerpc-gekko/4.2.4/../../../../powerpc-gekko/lib\libsysbase.a(syscall_support.o)
                0x80007e28                __malloc_unlock
                0x80007d74                __libc_lock_release
                0x80007cf4                __libc_lock_init
                0x80007df4                __malloc_lock
                0x80007d34                __libc_lock_close
                0x80007db4                __libc_lock_acquire
 .text          0x80007e5c       0x34 c:/devkitpro/devkitppc/bin/../lib/gcc/powerpc-gekko/4.2.4/../../../../powerpc-gekko/lib\libc.a(lib_a-calloc.o)
                0x80007e5c                calloc
 .text          0x80007e90       0xd0 c:/devkitpro/devkitppc/bin/../lib/gcc/powerpc-gekko/4.2.4/../../../../powerpc-gekko/lib\libc.a(lib_a-callocr.o)
                0x80007e90                _calloc_r
 .text          0x80007f60       0x24 c:/devkitpro/devkitppc/bin/../lib/gcc/powerpc-gekko/4.2.4/../../../../powerpc-gekko/lib\libc.a(lib_a-ctime.o)
                0x80007f60                ctime
 .text          0x80007f84        0xc c:/devkitpro/devkitppc/bin/../lib/gcc/powerpc-gekko/4.2.4/../../../../powerpc-gekko/lib\libc.a(lib_a-errno.o)
                0x80007f84                __errno
 .text          0x80007f90       0x40 c:/devkitpro/devkitppc/bin/../lib/gcc/powerpc-gekko/4.2.4/../../../../powerpc-gekko/lib\libc.a(lib_a-exit.o)
                0x80007f90                exit
 .text          0x80007fd0      0x188 c:/devkitpro/devkitppc/bin/../lib/gcc/powerpc-gekko/4.2.4/../../../../powerpc-gekko/lib\libc.a(lib_a-fclose.o)
                0x80007fd0                _fclose_r
                0x80008148                fclose
 .text          0x80008158      0x350 c:/devkitpro/devkitppc/bin/../lib/gcc/powerpc-gekko/4.2.4/../../../../powerpc-gekko/lib\libc.a(lib_a-fflush.o)
                0x80008458                fflush
                0x80008158                _fflush_r
 .text          0x800084a8      0x4ac c:/devkitpro/devkitppc/bin/../lib/gcc/powerpc-gekko/4.2.4/../../../../powerpc-gekko/lib\libc.a(lib_a-findfp.o)
                0x80008694                __sinit
                0x800087b4                __sfmoreglue
                0x800084d0                _cleanup
                0x800084a8                _cleanup_r
                0x80008780                __fp_lock_all
                0x80008730                __sfp_lock_acquire
                0x8000882c                __sfp
                0x8000853c                __sinit_lock_release
                0x80008590                __fp_unlock_all
                0x80008564                __sfp_lock_release
                0x80008648                __sinit_lock_acquire
 .text          0x80008954      0x154 c:/devkitpro/devkitppc/bin/../lib/gcc/powerpc-gekko/4.2.4/../../../../powerpc-gekko/lib\libc.a(lib_a-fopen.o)
                0x80008a90                fopen
                0x80008954                _fopen_r
 .text          0x80008aa8      0x110 c:/devkitpro/devkitppc/bin/../lib/gcc/powerpc-gekko/4.2.4/../../../../powerpc-gekko/lib\libc.a(lib_a-fprintf.o)
                0x80008aa8                fprintf
                0x80008b3c                _fprintf_r
 .text          0x80008bb8      0x3c0 c:/devkitpro/devkitppc/bin/../lib/gcc/powerpc-gekko/4.2.4/../../../../powerpc-gekko/lib\libc.a(lib_a-fread.o)
                0x80008f50                fread
                0x80008bb8                _fread_r
 .text          0x80008f78      0x3f8 c:/devkitpro/devkitppc/bin/../lib/gcc/powerpc-gekko/4.2.4/../../../../powerpc-gekko/lib\libc.a(lib_a-freer.o)
                0x80009094                _free_r
                0x80008f78                _malloc_trim_r
 .text          0x80009370      0x704 c:/devkitpro/devkitppc/bin/../lib/gcc/powerpc-gekko/4.2.4/../../../../powerpc-gekko/lib\libc.a(lib_a-fseek.o)
                0x80009a54                fseek
                0x80009370                _fseek_r
 .text          0x80009a74      0x1e4 c:/devkitpro/devkitppc/bin/../lib/gcc/powerpc-gekko/4.2.4/../../../../powerpc-gekko/lib\libc.a(lib_a-ftell.o)
                0x80009c48                ftell
                0x80009a74                _ftell_r
 .text          0x80009c58      0x20c c:/devkitpro/devkitppc/bin/../lib/gcc/powerpc-gekko/4.2.4/../../../../powerpc-gekko/lib\libc.a(lib_a-fwalk.o)
                0x80009d64                _fwalk
                0x80009c58                _fwalk_reent
 .text          0x80009e64      0x17c c:/devkitpro/devkitppc/bin/../lib/gcc/powerpc-gekko/4.2.4/../../../../powerpc-gekko/lib\libc.a(lib_a-fwrite.o)
                0x80009e64                _fwrite_r
                0x80009fb8                fwrite
 .text          0x80009fe0       0x2c c:/devkitpro/devkitppc/bin/../lib/gcc/powerpc-gekko/4.2.4/../../../../powerpc-gekko/lib\libc.a(lib_a-lcltime.o)
                0x80009fe0                localtime
 .text          0x8000a00c       0x24 c:/devkitpro/devkitppc/bin/../lib/gcc/powerpc-gekko/4.2.4/../../../../powerpc-gekko/lib\libc.a(lib_a-lcltime_r.o)
                0x8000a00c                localtime_r
 .text          0x8000a030      0x4c4 c:/devkitpro/devkitppc/bin/../lib/gcc/powerpc-gekko/4.2.4/../../../../powerpc-gekko/lib\libc.a(lib_a-locale.o)
                0x8000a054                _setlocale_r
                0x8000a030                __locale_charset
                0x8000a03c                _localeconv_r
                0x8000a4dc                setlocale
                0x8000a048                localeconv
 .text          0x8000a4f4      0x1bc c:/devkitpro/devkitppc/bin/../lib/gcc/powerpc-gekko/4.2.4/../../../../powerpc-gekko/lib\libc.a(lib_a-makebuf.o)
                0x8000a4f4                __smakebuf_r
 .text          0x8000a6b0       0x34 c:/devkitpro/devkitppc/bin/../lib/gcc/powerpc-gekko/4.2.4/../../../../powerpc-gekko/lib\libc.a(lib_a-malign.o)
                0x8000a6b0                memalign
 .text          0x8000a6e4      0x1b0 c:/devkitpro/devkitppc/bin/../lib/gcc/powerpc-gekko/4.2.4/../../../../powerpc-gekko/lib\libc.a(lib_a-malignr.o)
                0x8000a6e4                _memalign_r
 .text          0x8000a894       0x58 c:/devkitpro/devkitppc/bin/../lib/gcc/powerpc-gekko/4.2.4/../../../../powerpc-gekko/lib\libc.a(lib_a-malloc.o)
                0x8000a8c0                malloc
                0x8000a894                free
 .text          0x8000a8ec      0x86c c:/devkitpro/devkitppc/bin/../lib/gcc/powerpc-gekko/4.2.4/../../../../powerpc-gekko/lib\libc.a(lib_a-mallocr.o)
                0x8000a8ec                _malloc_r
 .text          0x8000b158       0xb4 c:/devkitpro/devkitppc/bin/../lib/gcc/powerpc-gekko/4.2.4/../../../../powerpc-gekko/lib\libc.a(lib_a-mbrtowc.o)
                0x8000b1e4                mbrtowc
                0x8000b158                _mbrtowc_r
 .text          0x8000b20c      0x1d4 c:/devkitpro/devkitppc/bin/../lib/gcc/powerpc-gekko/4.2.4/../../../../powerpc-gekko/lib\libc.a(lib_a-mbsrtowcs.o)
                0x8000b3b8                mbsrtowcs
                0x8000b20c                _mbsrtowcs_r
 .text          0x8000b3e0      0x9a8 c:/devkitpro/devkitppc/bin/../lib/gcc/powerpc-gekko/4.2.4/../../../../powerpc-gekko/lib\libc.a(lib_a-mbtowc_r.o)
                0x8000b3e0                _mbtowc_r
 .text          0x8000bd88       0x8c c:/devkitpro/devkitppc/bin/../lib/gcc/powerpc-gekko/4.2.4/../../../../powerpc-gekko/lib\libc.a(lib_a-memcmp.o)
                0x8000bd88                memcmp
 .text          0x8000be14       0xc8 c:/devkitpro/devkitppc/bin/../lib/gcc/powerpc-gekko/4.2.4/../../../../powerpc-gekko/lib\libc.a(lib_a-memcpy.o)
                0x8000be14                memcpy
 .text          0x8000bedc      0x104 c:/devkitpro/devkitppc/bin/../lib/gcc/powerpc-gekko/4.2.4/../../../../powerpc-gekko/lib\libc.a(lib_a-memmove.o)
                0x8000bedc                memmove
 .text          0x8000bfe0       0xac c:/devkitpro/devkitppc/bin/../lib/gcc/powerpc-gekko/4.2.4/../../../../powerpc-gekko/lib\libc.a(lib_a-memset.o)
                0x8000bfe0                memset
 .text          0x8000c08c      0x72c c:/devkitpro/devkitppc/bin/../lib/gcc/powerpc-gekko/4.2.4/../../../../powerpc-gekko/lib\libc.a(lib_a-mktime.o)
                0x8000c3dc                mktime
 .text          0x8000c7b8      0x870 c:/devkitpro/devkitppc/bin/../lib/gcc/powerpc-gekko/4.2.4/../../../../powerpc-gekko/lib\libc.a(lib_a-mktm_r.o)
                0x8000c7b8                __tzcalc_limits
                0x8000ca2c                _mktm_r
 .text          0x8000d028      0x124 c:/devkitpro/devkitppc/bin/../lib/gcc/powerpc-gekko/4.2.4/../../../../powerpc-gekko/lib\libc.a(lib_a-printf.o)
                0x8000d028                printf
                0x8000d0c0                _printf_r
 .text          0x8000d14c       0x58 c:/devkitpro/devkitppc/bin/../lib/gcc/powerpc-gekko/4.2.4/../../../../powerpc-gekko/lib\libc.a(lib_a-putchar.o)
                0x8000d14c                putchar
                0x8000d180                _putchar_r
 .text          0x8000d1a4       0xa8 c:/devkitpro/devkitppc/bin/../lib/gcc/powerpc-gekko/4.2.4/../../../../powerpc-gekko/lib\libc.a(lib_a-puts.o)
                0x8000d1a4                _puts_r
                0x8000d23c                puts
 .text          0x8000d24c      0x248 c:/devkitpro/devkitppc/bin/../lib/gcc/powerpc-gekko/4.2.4/../../../../powerpc-gekko/lib\libc.a(lib_a-reent.o)
                0x8000d30c                cleanup_glue
                0x8000d35c                _reclaim_reent
                0x8000d24c                _wrapup_reent
 .text          0x8000d494      0x248 c:/devkitpro/devkitppc/bin/../lib/gcc/powerpc-gekko/4.2.4/../../../../powerpc-gekko/lib\libc.a(lib_a-refill.o)
                0x8000d494                __srefill_r
 .text          0x8000d6dc       0x50 c:/devkitpro/devkitppc/bin/../lib/gcc/powerpc-gekko/4.2.4/../../../../powerpc-gekko/lib\libc.a(lib_a-rewind.o)
                0x8000d6dc                _rewind_r
                0x8000d71c                rewind
 .text          0x8000d72c      0x2cc c:/devkitpro/devkitppc/bin/../lib/gcc/powerpc-gekko/4.2.4/../../../../powerpc-gekko/lib\libc.a(lib_a-setvbuf.o)
                0x8000d72c                setvbuf
 .text          0x8000d9f8      0x230 c:/devkitpro/devkitppc/bin/../lib/gcc/powerpc-gekko/4.2.4/../../../../powerpc-gekko/lib\libc.a(lib_a-snprintf.o)
                0x8000d9f8                snprintf
                0x8000db10                _snprintf_r
 .text          0x8000dc28      0x184 c:/devkitpro/devkitppc/bin/../lib/gcc/powerpc-gekko/4.2.4/../../../../powerpc-gekko/lib\libc.a(lib_a-stdio.o)
                0x8000dc4c                __sseek
                0x8000dd48                __sread
                0x8000dc28                __sclose
                0x8000dcbc                __swrite
 .text          0x8000ddac       0x88 c:/devkitpro/devkitppc/bin/../lib/gcc/powerpc-gekko/4.2.4/../../../../powerpc-gekko/lib\libc.a(lib_a-strcat.o)
                0x8000ddac                strcat
 .text          0x8000de34       0xf0 c:/devkitpro/devkitppc/bin/../lib/gcc/powerpc-gekko/4.2.4/../../../../powerpc-gekko/lib\libc.a(lib_a-strchr.o)
                0x8000de34                strchr
 .text          0x8000df24       0xc0 c:/devkitpro/devkitppc/bin/../lib/gcc/powerpc-gekko/4.2.4/../../../../powerpc-gekko/lib\libc.a(lib_a-strcmp.o)
                0x8000df24                strcmp
 .text          0x8000dfe4       0x74 c:/devkitpro/devkitppc/bin/../lib/gcc/powerpc-gekko/4.2.4/../../../../powerpc-gekko/lib\libc.a(lib_a-strcpy.o)
                0x8000dfe4                strcpy
 .text          0x8000e058       0x64 c:/devkitpro/devkitppc/bin/../lib/gcc/powerpc-gekko/4.2.4/../../../../powerpc-gekko/lib\libc.a(lib_a-strlen.o)
                0x8000e058                strlen
 .text          0x8000e0bc       0xc0 c:/devkitpro/devkitppc/bin/../lib/gcc/powerpc-gekko/4.2.4/../../../../powerpc-gekko/lib\libc.a(lib_a-strncasecmp.o)
                0x8000e0bc                strncasecmp
 .text          0x8000e17c      0x144 c:/devkitpro/devkitppc/bin/../lib/gcc/powerpc-gekko/4.2.4/../../../../powerpc-gekko/lib\libc.a(lib_a-strncmp.o)
                0x8000e17c                strncmp
 .text          0x8000e2c0       0xdc c:/devkitpro/devkitppc/bin/../lib/gcc/powerpc-gekko/4.2.4/../../../../powerpc-gekko/lib\libc.a(lib_a-strncpy.o)
                0x8000e2c0                strncpy
 .text          0x8000e39c       0x44 c:/devkitpro/devkitppc/bin/../lib/gcc/powerpc-gekko/4.2.4/../../../../powerpc-gekko/lib\libc.a(lib_a-strnlen.o)
                0x8000e39c                strnlen
 .text          0x8000e3e0       0x50 c:/devkitpro/devkitppc/bin/../lib/gcc/powerpc-gekko/4.2.4/../../../../powerpc-gekko/lib\libc.a(lib_a-strpbrk.o)
                0x8000e3e0                strpbrk
 .text          0x8000e430       0x84 c:/devkitpro/devkitppc/bin/../lib/gcc/powerpc-gekko/4.2.4/../../../../powerpc-gekko/lib\libc.a(lib_a-strrchr.o)
                0x8000e430                strrchr
 .text          0x8000e4b4       0x54 c:/devkitpro/devkitppc/bin/../lib/gcc/powerpc-gekko/4.2.4/../../../../powerpc-gekko/lib\libc.a(lib_a-strstr.o)
                0x8000e4b4                strstr
 .text          0x8000e508       0x30 c:/devkitpro/devkitppc/bin/../lib/gcc/powerpc-gekko/4.2.4/../../../../powerpc-gekko/lib\libc.a(lib_a-strtok.o)
                0x8000e508                strtok
 .text          0x8000e538       0xc4 c:/devkitpro/devkitppc/bin/../lib/gcc/powerpc-gekko/4.2.4/../../../../powerpc-gekko/lib\libc.a(lib_a-strtok_r.o)
                0x8000e5f4                strtok_r
                0x8000e538                __strtok_r
 .text          0x8000e5fc      0x1ec c:/devkitpro/devkitppc/bin/../lib/gcc/powerpc-gekko/4.2.4/../../../../powerpc-gekko/lib\libc.a(lib_a-strtoul.o)
                0x8000e7c8                strtoul
                0x8000e5fc                _strtoul_r
 .text          0x8000e7e8      0x288 c:/devkitpro/devkitppc/bin/../lib/gcc/powerpc-gekko/4.2.4/../../../../powerpc-gekko/lib\libc.a(lib_a-strtoull_r.o)
                0x8000e7e8                _strtoull_r
 .text          0x8000ea70       0x3c c:/devkitpro/devkitppc/bin/../lib/gcc/powerpc-gekko/4.2.4/../../../../powerpc-gekko/lib\libc.a(lib_a-syswrite.o)
                0x8000ea70                write
 .text          0x8000eaac      0x720 c:/devkitpro/devkitppc/bin/../lib/gcc/powerpc-gekko/4.2.4/../../../../powerpc-gekko/lib\libc.a(lib_a-towlower.o)
                0x8000eaac                towlower
 .text          0x8000f1cc      0x700 c:/devkitpro/devkitppc/bin/../lib/gcc/powerpc-gekko/4.2.4/../../../../powerpc-gekko/lib\libc.a(lib_a-towupper.o)
                0x8000f1cc                towupper
 .text          0x8000f8cc       0x74 c:/devkitpro/devkitppc/bin/../lib/gcc/powerpc-gekko/4.2.4/../../../../powerpc-gekko/lib\libc.a(lib_a-tzlock.o)
                0x8000f8cc                __tz_unlock
                0x8000f8f4                __tz_lock
 .text          0x8000f940       0x94 c:/devkitpro/devkitppc/bin/../lib/gcc/powerpc-gekko/4.2.4/../../../../powerpc-gekko/lib\libc.a(lib_a-vasprintf.o)
                0x8000f940                _vasprintf_r
                0x8000f9b4                vasprintf
 .text          0x8000f9d4     0x2344 c:/devkitpro/devkitppc/bin/../lib/gcc/powerpc-gekko/4.2.4/../../../../powerpc-gekko/lib\libc.a(lib_a-vfprintf.o)
                0x8000fa34                _vfprintf_r
                0x80011cf8                vfprintf
 .text          0x80011d18       0xa4 c:/devkitpro/devkitppc/bin/../lib/gcc/powerpc-gekko/4.2.4/../../../../powerpc-gekko/lib\libc.a(lib_a-wcrtomb.o)
                0x80011d18                _wcrtomb_r
                0x80011d9c                wcrtomb
 .text          0x80011dbc      0x1d8 c:/devkitpro/devkitppc/bin/../lib/gcc/powerpc-gekko/4.2.4/../../../../powerpc-gekko/lib\libc.a(lib_a-wcsrtombs.o)
                0x80011dbc                _wcsrtombs_r
                0x80011f6c                wcsrtombs
 .text          0x80011f94       0x78 c:/devkitpro/devkitppc/bin/../lib/gcc/powerpc-gekko/4.2.4/../../../../powerpc-gekko/lib\libc.a(lib_a-wctob.o)
                0x80011f94                wctob
 .text          0x8001200c      0x464 c:/devkitpro/devkitppc/bin/../lib/gcc/powerpc-gekko/4.2.4/../../../../powerpc-gekko/lib\libc.a(lib_a-wctomb_r.o)
                0x8001200c                _wctomb_r
 .text          0x80012470      0x178 c:/devkitpro/devkitppc/bin/../lib/gcc/powerpc-gekko/4.2.4/../../../../powerpc-gekko/lib\libc.a(lib_a-wsetup.o)
                0x80012470                __swsetup_r
 .text          0x800125e8      0x1ac c:/devkitpro/devkitppc/bin/../lib/gcc/powerpc-gekko/4.2.4/../../../../powerpc-gekko/lib\libc.a(lib_a-__call_atexit.o)
                0x800125e8                __call_exitprocs
 .text          0x80012794       0x2c c:/devkitpro/devkitppc/bin/../lib/gcc/powerpc-gekko/4.2.4/../../../../powerpc-gekko/lib\libc.a(lib_a-asctime.o)
                0x80012794                asctime
 .text          0x800127c0       0x88 c:/devkitpro/devkitppc/bin/../lib/gcc/powerpc-gekko/4.2.4/../../../../powerpc-gekko/lib\libc.a(lib_a-asctime_r.o)
                0x800127c0                asctime_r
 .text          0x80012848       0x54 c:/devkitpro/devkitppc/bin/../lib/gcc/powerpc-gekko/4.2.4/../../../../powerpc-gekko/lib\libc.a(lib_a-div.o)
                0x80012848                div
 .text          0x8001289c     0x1390 c:/devkitpro/devkitppc/bin/../lib/gcc/powerpc-gekko/4.2.4/../../../../powerpc-gekko/lib\libc.a(lib_a-dtoa.o)
                0x80012ad8                _dtoa_r
 .text          0x80013c2c       0xa4 c:/devkitpro/devkitppc/bin/../lib/gcc/powerpc-gekko/4.2.4/../../../../powerpc-gekko/lib\libc.a(lib_a-flags.o)
                0x80013c2c                __sflags
 .text          0x80013cd0      0x528 c:/devkitpro/devkitppc/bin/../lib/gcc/powerpc-gekko/4.2.4/../../../../powerpc-gekko/lib\libc.a(lib_a-fvwrite.o)
                0x80013cd0                __sfvwrite_r
 .text          0x800141f8        0xc c:/devkitpro/devkitppc/bin/../lib/gcc/powerpc-gekko/4.2.4/../../../../powerpc-gekko/lib\libc.a(lib_a-gettzinfo.o)
                0x800141f8                __gettzinfo
 .text          0x80014204      0x234 c:/devkitpro/devkitppc/bin/../lib/gcc/powerpc-gekko/4.2.4/../../../../powerpc-gekko/lib\libc.a(lib_a-jp2uc.o)
                0x80014204                __jp2uc
 .text          0x80014438       0xf4 c:/devkitpro/devkitppc/bin/../lib/gcc/powerpc-gekko/4.2.4/../../../../powerpc-gekko/lib\libc.a(lib_a-memchr.o)
                0x80014438                memchr
 .text          0x8001452c     0x1114 c:/devkitpro/devkitppc/bin/../lib/gcc/powerpc-gekko/4.2.4/../../../../powerpc-gekko/lib\libc.a(lib_a-mprec.o)
                0x80014994                _mprec_log10
                0x80014a38                __any_on
                0x80014ad8                _Balloc
                0x800148d0                __ratio
                0x80015298                __i2b
                0x80014780                __b2d
                0x80015518                __s2b
                0x80014680                __mcmp
                0x80014550                __hi0bits
                0x800153ec                __pow5mult
                0x80014efc                __lshift
                0x80015064                __multiply
                0x80014ba8                __d2b
                0x800149d0                __copybits
                0x800146e0                __ulp
                0x80014d50                __mdiff
                0x800145bc                __lo0bits
                0x800152d4                __multadd
                0x8001452c                _Bfree
 .text          0x80015640      0x25c c:/devkitpro/devkitppc/bin/../lib/gcc/powerpc-gekko/4.2.4/../../../../powerpc-gekko/lib\libc.a(lib_a-putc.o)
                0x80015774                _putc_r
                0x80015640                putc
 .text          0x8001589c      0x668 c:/devkitpro/devkitppc/bin/../lib/gcc/powerpc-gekko/4.2.4/../../../../powerpc-gekko/lib\libc.a(lib_a-reallocr.o)
                0x8001589c                _realloc_r
 .text          0x80015f04       0x44 c:/devkitpro/devkitppc/bin/../lib/gcc/powerpc-gekko/4.2.4/../../../../powerpc-gekko/lib\libc.a(lib_a-s_isinfd.o)
                0x80015f04                __isinfd
 .text          0x80015f48       0x38 c:/devkitpro/devkitppc/bin/../lib/gcc/powerpc-gekko/4.2.4/../../../../powerpc-gekko/lib\libc.a(lib_a-s_isnand.o)
                0x80015f48                __isnand
 .text          0x80015f80      0x188 c:/devkitpro/devkitppc/bin/../lib/gcc/powerpc-gekko/4.2.4/../../../../powerpc-gekko/lib\libc.a(lib_a-siprintf.o)
                0x8001604c                _siprintf_r
                0x80015f80                siprintf
 .text          0x80016108     0x1610 c:/devkitpro/devkitppc/bin/../lib/gcc/powerpc-gekko/4.2.4/../../../../powerpc-gekko/lib\libc.a(lib_a-vfiprintf.o)
                0x800176f8                vfiprintf
                0x80016168                _vfiprintf_r
 .text          0x80017718      0x15c c:/devkitpro/devkitppc/bin/../lib/gcc/powerpc-gekko/4.2.4/../../../../powerpc-gekko/lib\libc.a(lib_a-wbuf.o)
                0x80017718                __swbuf_r
                0x8001785c                __swbuf
 .text          0x80017874       0xa0 c:/devkitpro/devkitppc/bin/../lib/gcc/powerpc-gekko/4.2.4/../../../../powerpc-gekko/lib\libsysbase.a(close.o)
                0x80017874                _close_r
 .text          0x80017914       0xc8 c:/devkitpro/devkitppc/bin/../lib/gcc/powerpc-gekko/4.2.4/../../../../powerpc-gekko/lib\libsysbase.a(fstat.o)
                0x80017914                _fstat_r
 .text          0x800179dc        0x8 c:/devkitpro/devkitppc/bin/../lib/gcc/powerpc-gekko/4.2.4/../../../../powerpc-gekko/lib\libsysbase.a(isatty.o)
                0x800179dc                isatty
 .text          0x800179e4       0xe8 c:/devkitpro/devkitppc/bin/../lib/gcc/powerpc-gekko/4.2.4/../../../../powerpc-gekko/lib\libsysbase.a(lseek.o)
                0x800179e4                _lseek_r
 .text          0x80017acc      0x14c c:/devkitpro/devkitppc/bin/../lib/gcc/powerpc-gekko/4.2.4/../../../../powerpc-gekko/lib\libsysbase.a(open.o)
                0x80017acc                _open_r
 .text          0x80017c18       0xcc c:/devkitpro/devkitppc/bin/../lib/gcc/powerpc-gekko/4.2.4/../../../../powerpc-gekko/lib\libsysbase.a(read.o)
                0x80017c18                _read_r
 .text          0x80017ce4       0x50 c:/devkitpro/devkitppc/bin/../lib/gcc/powerpc-gekko/4.2.4/../../../../powerpc-gekko/lib\libsysbase.a(sbrk.o)
                0x80017ce4                _sbrk_r
 .text          0x80017d34       0xcc c:/devkitpro/devkitppc/bin/../lib/gcc/powerpc-gekko/4.2.4/../../../../powerpc-gekko/lib\libsysbase.a(write.o)
                0x80017d34                _write_r
 .text          0x80017e00       0x6c c:/devkitpro/devkitppc/bin/../lib/gcc/powerpc-gekko/4.2.4/../../../../powerpc-gekko/lib\libsysbase.a(flock.o)
                0x80017e24                __flockfile
                0x80017e00                __funlockfile
 .text          0x80017e6c      0x120 c:/devkitpro/devkitppc/bin/../lib/gcc/powerpc-gekko/4.2.4/../../../../powerpc-gekko/lib\libsysbase.a(handle_manager.o)
                0x80017f30                __release_handle
                0x80017e98                __alloc_handle
                0x80017e6c                __get_handle
 .text          0x80017f8c      0x450 c:/devkitpro/devkitppc/bin/../lib/gcc/powerpc-gekko/4.2.4\libgcc.a(_umoddi3.o)
                0x80017f8c                __umoddi3
 .text          0x800183dc       0x6c c:/devkitpro/devkitppc/bin/../lib/gcc/powerpc-gekko/4.2.4/crtend.o
 *(.text.*)
 .text.write_exact
                0x80018448       0xb0 common.o
                0x80018448                write_exact
 .text.set_blocking
                0x800184f8       0x68 common2.o
                0x800184f8                set_blocking
 .text.write_data
                0x80018560       0xa8 common2.o
                0x80018560                write_data
 .text.socket_printf
                0x80018608       0xb8 common2.o
                0x80018608                socket_printf
 .text.waitforhome
                0x800186c0       0x78 template.o
 .text.csocket  0x80018738       0xcc template.o
                0x80018738                csocket
 .text.main     0x80018804      0x258 template.o
                0x80018804                main
 .text.headersend
                0x80018a5c      0x370 template.o
                0x80018a5c                headersend
 .text._500     0x80018dcc      0x31c template.o
                0x80018dcc                _500
 .text._404     0x800190e8      0x44c template.o
                0x800190e8                _404
 .text.sdpage   0x80019534      0x4a8 template.o
                0x80019534                sdpage
 .text.favicon  0x800199dc       0xa4 template.o
                0x800199dc                favicon
 .text.reqhandle
                0x80019a80      0x208 template.o
 .text.fatMount
                0x80019c88       0xec c:/devkitPro/libogc/lib/wii\libfat.a(libfat.o)
                0x80019c88                fatMount
 .text.fatInit  0x80019d74      0x2b4 c:/devkitPro/libogc/lib/wii\libfat.a(libfat.o)
                0x80019d74                fatInit
 .text.fatInitDefault
                0x8001a028       0x28 c:/devkitPro/libogc/lib/wii\libfat.a(libfat.o)
                0x8001a028                fatInitDefault
 .text._FAT_partition_getPartitionFromPath
                0x8001a050       0x34 c:/devkitPro/libogc/lib/wii\libfat.a(partition.o)
                0x8001a050                _FAT_partition_getPartitionFromPath
 .text._FAT_partition_constructor
                0x8001a084      0x454 c:/devkitPro/libogc/lib/wii\libfat.a(partition.o)
                0x8001a084                _FAT_partition_constructor
 .text._FAT_cache_getSector
                0x8001a4d8      0x19c c:/devkitPro/libogc/lib/wii\libfat.a(cache.o)
 .text._FAT_cache_flush
                0x8001a674       0xe0 c:/devkitPro/libogc/lib/wii\libfat.a(cache.o)
                0x8001a674                _FAT_cache_flush
 .text._FAT_cache_eraseWritePartialSector
                0x8001a754       0xf0 c:/devkitPro/libogc/lib/wii\libfat.a(cache.o)
                0x8001a754                _FAT_cache_eraseWritePartialSector
 .text._FAT_cache_writePartialSector
                0x8001a844       0xd0 c:/devkitPro/libogc/lib/wii\libfat.a(cache.o)
                0x8001a844                _FAT_cache_writePartialSector
 .text._FAT_cache_writeLittleEndianValue
                0x8001a914       0x90 c:/devkitPro/libogc/lib/wii\libfat.a(cache.o)
                0x8001a914                _FAT_cache_writeLittleEndianValue
 .text._FAT_cache_readPartialSector
                0x8001a9a4       0xac c:/devkitPro/libogc/lib/wii\libfat.a(cache.o)
                0x8001a9a4                _FAT_cache_readPartialSector
 .text._FAT_cache_readLittleEndianValue
                0x8001aa50       0xfc c:/devkitPro/libogc/lib/wii\libfat.a(cache.o)
                0x8001aa50                _FAT_cache_readLittleEndianValue
 .text._FAT_cache_constructor
                0x8001ab4c      0x11c c:/devkitPro/libogc/lib/wii\libfat.a(cache.o)
                0x8001ab4c                _FAT_cache_constructor
 .text.get_io_wiisd
                0x8001ac68        0xc c:/devkitPro/libogc/lib/wii\libfat.a(disc.o)
 .text.get_io_usbstorage
                0x8001ac74        0xc c:/devkitPro/libogc/lib/wii\libfat.a(disc.o)
 .text._FAT_link_r
                0x8001ac80       0x10 c:/devkitPro/libogc/lib/wii\libfat.a(fatdir.o)
                0x8001ac80                _FAT_link_r
 .text._FAT_statvfs_r
                0x8001ac90       0xd4 c:/devkitPro/libogc/lib/wii\libfat.a(fatdir.o)
                0x8001ac90                _FAT_statvfs_r
 .text._FAT_mkdir_r
                0x8001ad64      0x458 c:/devkitPro/libogc/lib/wii\libfat.a(fatdir.o)
                0x8001ad64                _FAT_mkdir_r
 .text._FAT_rename_r
                0x8001b1bc      0x2e4 c:/devkitPro/libogc/lib/wii\libfat.a(fatdir.o)
                0x8001b1bc                _FAT_rename_r
 .text._FAT_chdir_r
                0x8001b4a0       0xf0 c:/devkitPro/libogc/lib/wii\libfat.a(fatdir.o)
                0x8001b4a0                _FAT_chdir_r
 .text._FAT_unlink_r
                0x8001b590      0x26c c:/devkitPro/libogc/lib/wii\libfat.a(fatdir.o)
                0x8001b590                _FAT_unlink_r
 .text._FAT_dirclose_r
                0x8001b7fc       0x4c c:/devkitPro/libogc/lib/wii\libfat.a(fatdir.o)
                0x8001b7fc                _FAT_dirclose_r
 .text._FAT_stat_r
                0x8001b848      0x128 c:/devkitPro/libogc/lib/wii\libfat.a(fatdir.o)
                0x8001b848                _FAT_stat_r
 .text._FAT_dirnext_r
                0x8001b970       0xf4 c:/devkitPro/libogc/lib/wii\libfat.a(fatdir.o)
                0x8001b970                _FAT_dirnext_r
 .text._FAT_dirreset_r
                0x8001ba64       0x8c c:/devkitPro/libogc/lib/wii\libfat.a(fatdir.o)
                0x8001ba64                _FAT_dirreset_r
 .text._FAT_diropen_r
                0x8001baf0      0x170 c:/devkitPro/libogc/lib/wii\libfat.a(fatdir.o)
                0x8001baf0                _FAT_diropen_r
 .text._FAT_file_extend_r
                0x8001bc60      0x36c c:/devkitPro/libogc/lib/wii\libfat.a(fatfile.o)
 .text._FAT_syncToDisc
                0x8001bfcc      0x1b4 c:/devkitPro/libogc/lib/wii\libfat.a(fatfile.o)
                0x8001bfcc                _FAT_syncToDisc
 .text._FAT_close_r
                0x8001c180       0xd0 c:/devkitPro/libogc/lib/wii\libfat.a(fatfile.o)
                0x8001c180                _FAT_close_r
 .text._FAT_open_r
                0x8001c250      0x530 c:/devkitPro/libogc/lib/wii\libfat.a(fatfile.o)
                0x8001c250                _FAT_open_r
 .text._FAT_fsync_r
                0x8001c780       0x90 c:/devkitPro/libogc/lib/wii\libfat.a(fatfile.o)
                0x8001c780                _FAT_fsync_r
 .text._FAT_ftruncate_r
                0x8001c810      0x2b8 c:/devkitPro/libogc/lib/wii\libfat.a(fatfile.o)
                0x8001c810                _FAT_ftruncate_r
 .text._FAT_fstat_r
                0x8001cac8      0x130 c:/devkitPro/libogc/lib/wii\libfat.a(fatfile.o)
                0x8001cac8                _FAT_fstat_r
 .text._FAT_seek_r
                0x8001cbf8      0x2bc c:/devkitPro/libogc/lib/wii\libfat.a(fatfile.o)
                0x8001cbf8                _FAT_seek_r
 .text._FAT_read_r
                0x8001ceb4      0x4b8 c:/devkitPro/libogc/lib/wii\libfat.a(fatfile.o)
                0x8001ceb4                _FAT_read_r
 .text._FAT_write_r
                0x8001d36c      0x6a0 c:/devkitPro/libogc/lib/wii\libfat.a(fatfile.o)
                0x8001d36c                _FAT_write_r
 .text._FAT_fat_nextCluster
                0x8001da0c      0x1b4 c:/devkitPro/libogc/lib/wii\libfat.a(file_allocation_table.o)
                0x8001da0c                _FAT_fat_nextCluster
 .text._FAT_fat_freeClusterCount
                0x8001dbc0       0x78 c:/devkitPro/libogc/lib/wii\libfat.a(file_allocation_table.o)
                0x8001dbc0                _FAT_fat_freeClusterCount
 .text._FAT_fat_lastCluster
                0x8001dc38       0x84 c:/devkitPro/libogc/lib/wii\libfat.a(file_allocation_table.o)
                0x8001dc38                _FAT_fat_lastCluster
 .text._FAT_fat_writeFatEntry
                0x8001dcbc      0x20c c:/devkitPro/libogc/lib/wii\libfat.a(file_allocation_table.o)
 .text._FAT_fat_clearLinks
                0x8001dec8       0xf0 c:/devkitPro/libogc/lib/wii\libfat.a(file_allocation_table.o)
                0x8001dec8                _FAT_fat_clearLinks
 .text._FAT_fat_trimChain
                0x8001dfb8      0x134 c:/devkitPro/libogc/lib/wii\libfat.a(file_allocation_table.o)
                0x8001dfb8                _FAT_fat_trimChain
 .text._FAT_fat_linkFreeCluster
                0x8001e0ec      0x16c c:/devkitPro/libogc/lib/wii\libfat.a(file_allocation_table.o)
                0x8001e0ec                _FAT_fat_linkFreeCluster
 .text._FAT_fat_linkFreeClusterCleared
                0x8001e258       0xdc c:/devkitPro/libogc/lib/wii\libfat.a(file_allocation_table.o)
                0x8001e258                _FAT_fat_linkFreeClusterCleared
 .text._FAT_filetime_to_time_t
                0x8001e334       0x60 c:/devkitPro/libogc/lib/wii\libfat.a(filetime.o)
                0x8001e334                _FAT_filetime_to_time_t
 .text._FAT_filetime_getDateFromRTC
                0x8001e394       0x98 c:/devkitPro/libogc/lib/wii\libfat.a(filetime.o)
                0x8001e394                _FAT_filetime_getDateFromRTC
 .text._FAT_filetime_getTimeFromRTC
                0x8001e42c       0x94 c:/devkitPro/libogc/lib/wii\libfat.a(filetime.o)
                0x8001e42c                _FAT_filetime_getTimeFromRTC
 .text._FAT_directory_entryGetAlias
                0x8001e4c0       0xdc c:/devkitPro/libogc/lib/wii\libfat.a(directory.o)
 .text._FAT_directory_entryGetCluster
                0x8001e59c       0x50 c:/devkitPro/libogc/lib/wii\libfat.a(directory.o)
                0x8001e59c                _FAT_directory_entryGetCluster
 .text._FAT_directory_getRootEntry
                0x8001e5ec       0xe0 c:/devkitPro/libogc/lib/wii\libfat.a(directory.o)
                0x8001e5ec                _FAT_directory_getRootEntry
 .text._FAT_directory_mbsncasecmp
                0x8001e6cc      0x190 c:/devkitPro/libogc/lib/wii\libfat.a(directory.o)
 .text._FAT_directory_incrementDirEntryPosition
                0x8001e85c      0x100 c:/devkitPro/libogc/lib/wii\libfat.a(directory.o)
 .text._FAT_directory_ucs2tombs
                0x8001e95c      0x180 c:/devkitPro/libogc/lib/wii\libfat.a(directory.o)
 .text._FAT_directory_getNextEntry
                0x8001eadc      0x3a0 c:/devkitPro/libogc/lib/wii\libfat.a(directory.o)
                0x8001eadc                _FAT_directory_getNextEntry
 .text._FAT_directory_getFirstEntry
                0x8001ee7c       0x40 c:/devkitPro/libogc/lib/wii\libfat.a(directory.o)
                0x8001ee7c                _FAT_directory_getFirstEntry
 .text._FAT_directory_entryExists
                0x8001eebc      0x148 c:/devkitPro/libogc/lib/wii\libfat.a(directory.o)
 .text._FAT_directory_entryFromPath
                0x8001f004      0x348 c:/devkitPro/libogc/lib/wii\libfat.a(directory.o)
                0x8001f004                _FAT_directory_entryFromPath
 .text._FAT_directory_chdir
                0x8001f34c       0x90 c:/devkitPro/libogc/lib/wii\libfat.a(directory.o)
                0x8001f34c                _FAT_directory_chdir
 .text._FAT_directory_entryFromPosition
                0x8001f3dc      0x258 c:/devkitPro/libogc/lib/wii\libfat.a(directory.o)
                0x8001f3dc                _FAT_directory_entryFromPosition
 .text._FAT_directory_removeEntry
                0x8001f634      0x170 c:/devkitPro/libogc/lib/wii\libfat.a(directory.o)
                0x8001f634                _FAT_directory_removeEntry
 .text._FAT_directory_entryStat
                0x8001f7a4      0x1a0 c:/devkitPro/libogc/lib/wii\libfat.a(directory.o)
                0x8001f7a4                _FAT_directory_entryStat
 .text._FAT_directory_addEntry
                0x8001f944      0xc4c c:/devkitPro/libogc/lib/wii\libfat.a(directory.o)
                0x8001f944                _FAT_directory_addEntry
 .text.__wpad_assign_slot
                0x80020590      0x24c c:/devkitPro/libogc/lib/wii\libwiiuse.a(wpad.o)
                0x80020590                __wpad_assign_slot
 .text.__wpad_disconnectCB
                0x800207dc      0x100 c:/devkitPro/libogc/lib/wii\libwiiuse.a(wpad.o)
                0x800207dc                __wpad_disconnectCB
 .text.WPAD_ButtonsDown
                0x800208dc       0x28 c:/devkitPro/libogc/lib/wii\libwiiuse.a(wpad.o)
                0x800208dc                WPAD_ButtonsDown
 .text.__wpad_disconnect
                0x80020904       0x58 c:/devkitPro/libogc/lib/wii\libwiiuse.a(wpad.o)
 .text.WPAD_Shutdown
                0x8002095c      0x100 c:/devkitPro/libogc/lib/wii\libwiiuse.a(wpad.o)
                0x8002095c                WPAD_Shutdown
 .text.__wpad_onreset
                0x80020a5c       0x2c c:/devkitPro/libogc/lib/wii\libwiiuse.a(wpad.o)
 .text.__wpad_timeouthandler
                0x80020a88       0xb8 c:/devkitPro/libogc/lib/wii\libwiiuse.a(wpad.o)
 .text.__wpad_def_powcb
                0x80020b40       0x20 c:/devkitPro/libogc/lib/wii\libwiiuse.a(wpad.o)
 .text.__wpad_setfmt
                0x80020b60      0x110 c:/devkitPro/libogc/lib/wii\libwiiuse.a(wpad.o)
 .text.WPAD_ReadEvent
                0x80020c70      0x5a4 c:/devkitPro/libogc/lib/wii\libwiiuse.a(wpad.o)
                0x80020c70                WPAD_ReadEvent
 .text.WPAD_ReadPending
                0x80021214      0x16c c:/devkitPro/libogc/lib/wii\libwiiuse.a(wpad.o)
                0x80021214                WPAD_ReadPending
 .text.WPAD_ScanPads
                0x80021380        0xc c:/devkitPro/libogc/lib/wii\libwiiuse.a(wpad.o)
                0x80021380                WPAD_ScanPads
 .text.WPAD_Init
                0x8002138c      0x20c c:/devkitPro/libogc/lib/wii\libwiiuse.a(wpad.o)
                0x8002138c                WPAD_Init
 .text.__initcore_finished
                0x80021598       0x40 c:/devkitPro/libogc/lib/wii\libwiiuse.a(wpad.o)
 .text.__readlinkkey_finished
                0x800215d8       0x38 c:/devkitPro/libogc/lib/wii\libwiiuse.a(wpad.o)
 .text.__wpad_patch_finished
                0x80021610       0x2c c:/devkitPro/libogc/lib/wii\libwiiuse.a(wpad.o)
 .text.__wpad_init_finished
                0x8002163c      0x1d4 c:/devkitPro/libogc/lib/wii\libwiiuse.a(wpad.o)
 .text.__wpad_eventCB
                0x80021810      0x998 c:/devkitPro/libogc/lib/wii\libwiiuse.a(wpad.o)
 .text.calculate_gforce
                0x800221a8       0xfc c:/devkitPro/libogc/lib/wii\libwiiuse.a(dynamics.o)
                0x800221a8                calculate_gforce
 .text.calc_balanceboard_state
                0x800222a4      0x380 c:/devkitPro/libogc/lib/wii\libwiiuse.a(dynamics.o)
                0x800222a4                calc_balanceboard_state
 .text.apply_smoothing
                0x80022624      0x184 c:/devkitPro/libogc/lib/wii\libwiiuse.a(dynamics.o)
                0x80022624                apply_smoothing
 .text.calc_joystick_state
                0x800227a8      0x274 c:/devkitPro/libogc/lib/wii\libwiiuse.a(dynamics.o)
                0x800227a8                calc_joystick_state
 .text.calculate_orientation
                0x80022a1c      0x2ec c:/devkitPro/libogc/lib/wii\libwiiuse.a(dynamics.o)
                0x80022a1c                calculate_orientation
 .text.wiiuse_io_write
                0x80022d08       0x44 c:/devkitPro/libogc/lib/wii\libwiiuse.a(io_wii.o)
                0x80022d08                wiiuse_io_write
 .text.__wiiuse_disconnected
                0x80022d4c       0xb0 c:/devkitPro/libogc/lib/wii\libwiiuse.a(io_wii.o)
 .text.__wiiuse_sent
                0x80022dfc       0xc4 c:/devkitPro/libogc/lib/wii\libwiiuse.a(io_wii.o)
 .text.wiiuse_init_cmd_queue
                0x80022ec0       0x4c c:/devkitPro/libogc/lib/wii\libwiiuse.a(io_wii.o)
                0x80022ec0                wiiuse_init_cmd_queue
 .text.wiiuse_disconnect
                0x80022f0c       0x40 c:/devkitPro/libogc/lib/wii\libwiiuse.a(io_wii.o)
                0x80022f0c                wiiuse_disconnect
 .text.wiiuse_register
                0x80022f4c       0xe4 c:/devkitPro/libogc/lib/wii\libwiiuse.a(io_wii.o)
                0x80022f4c                wiiuse_register
 .text.__wiiuse_connected
                0x80023030       0x9c c:/devkitPro/libogc/lib/wii\libwiiuse.a(io_wii.o)
 .text.__wiiuse_receive
                0x800230cc       0xc8 c:/devkitPro/libogc/lib/wii\libwiiuse.a(io_wii.o)
 .text.__wiiuse_sensorbar_enable
                0x80023194       0x50 c:/devkitPro/libogc/lib/wii\libwiiuse.a(io_wii.o)
                0x80023194                __wiiuse_sensorbar_enable
 .text.get_ir_sens
                0x800231e4       0xec c:/devkitPro/libogc/lib/wii\libwiiuse.a(ir.o)
 .text.wiiuse_set_ir_position
                0x800232d0       0x80 c:/devkitPro/libogc/lib/wii\libwiiuse.a(ir.o)
                0x800232d0                wiiuse_set_ir_position
 .text.wiiuse_set_aspect_ratio
                0x80023350       0x44 c:/devkitPro/libogc/lib/wii\libwiiuse.a(ir.o)
                0x80023350                wiiuse_set_aspect_ratio
 .text.calculate_basic_ir
                0x80023394       0xf4 c:/devkitPro/libogc/lib/wii\libwiiuse.a(ir.o)
                0x80023394                calculate_basic_ir
 .text.calculate_extended_ir
                0x80023488       0x70 c:/devkitPro/libogc/lib/wii\libwiiuse.a(ir.o)
                0x80023488                calculate_extended_ir
 .text.calc_yaw
                0x800234f8       0x54 c:/devkitPro/libogc/lib/wii\libwiiuse.a(ir.o)
                0x800234f8                calc_yaw
 .text.apply_ir_smoothing
                0x8002354c       0xf4 c:/devkitPro/libogc/lib/wii\libwiiuse.a(ir.o)
                0x8002354c                apply_ir_smoothing
 .text.rotate_dots
                0x80023640      0x120 c:/devkitPro/libogc/lib/wii\libwiiuse.a(ir.o)
 .text.find_sensorbar
                0x80023760      0x970 c:/devkitPro/libogc/lib/wii\libwiiuse.a(ir.o)
                0x80023760                find_sensorbar
 .text.interpret_ir_data
                0x800240d0      0x33c c:/devkitPro/libogc/lib/wii\libwiiuse.a(ir.o)
                0x800240d0                interpret_ir_data
 .text.wiiuse_set_ir_sensitivity
                0x8002440c      0x118 c:/devkitPro/libogc/lib/wii\libwiiuse.a(ir.o)
                0x8002440c                wiiuse_set_ir_sensitivity
 .text.wiiuse_set_ir_mode
                0x80024524       0x6c c:/devkitPro/libogc/lib/wii\libwiiuse.a(ir.o)
                0x80024524                wiiuse_set_ir_mode
 .text.wiiuse_set_ir
                0x80024590      0x21c c:/devkitPro/libogc/lib/wii\libwiiuse.a(ir.o)
                0x80024590                wiiuse_set_ir
 .text.wiiuse_set_flags
                0x800247ac       0x20 c:/devkitPro/libogc/lib/wii\libwiiuse.a(wiiuse.o)
                0x800247ac                wiiuse_set_flags
 .text.wiiuse_send_next_command
                0x800247cc       0x6c c:/devkitPro/libogc/lib/wii\libwiiuse.a(wiiuse.o)
                0x800247cc                wiiuse_send_next_command
 .text.wiiuse_write_data
                0x80024838      0x184 c:/devkitPro/libogc/lib/wii\libwiiuse.a(wiiuse.o)
                0x80024838                wiiuse_write_data
 .text.wiiuse_init
                0x800249bc      0x164 c:/devkitPro/libogc/lib/wii\libwiiuse.a(wiiuse.o)
                0x800249bc                wiiuse_init
 .text.wiiuse_sendcmd
                0x80024b20      0x10c c:/devkitPro/libogc/lib/wii\libwiiuse.a(wiiuse.o)
                0x80024b20                wiiuse_sendcmd
 .text.wiiuse_status
                0x80024c2c       0x5c c:/devkitPro/libogc/lib/wii\libwiiuse.a(wiiuse.o)
                0x80024c2c                wiiuse_status
 .text.wiiuse_motion_sensing
                0x80024c88       0x54 c:/devkitPro/libogc/lib/wii\libwiiuse.a(wiiuse.o)
                0x80024c88                wiiuse_motion_sensing
 .text.wiiuse_set_report_type
                0x80024cdc      0x100 c:/devkitPro/libogc/lib/wii\libwiiuse.a(wiiuse.o)
                0x80024cdc                wiiuse_set_report_type
 .text.wiiuse_set_leds
                0x80024ddc       0x60 c:/devkitPro/libogc/lib/wii\libwiiuse.a(wiiuse.o)
                0x80024ddc                wiiuse_set_leds
 .text.wiiuse_read_data
                0x80024e3c      0x144 c:/devkitPro/libogc/lib/wii\libwiiuse.a(wiiuse.o)
                0x80024e3c                wiiuse_read_data
 .text.wiiuse_pressed_buttons
                0x80024f80       0x2c c:/devkitPro/libogc/lib/wii\libwiiuse.a(events.o)
                0x80024f80                wiiuse_pressed_buttons
 .text.handle_expansion
                0x80024fac       0x94 c:/devkitPro/libogc/lib/wii\libwiiuse.a(events.o)
 .text.parse_event
                0x80025040      0x518 c:/devkitPro/libogc/lib/wii\libwiiuse.a(events.o)
                0x80025040                parse_event
 .text.guitar_hero_3_event
                0x80025558       0x50 c:/devkitPro/libogc/lib/wii\libwiiuse.a(guitar_hero_3.o)
                0x80025558                guitar_hero_3_event
 .text.guitar_hero_3_disconnected
                0x800255a8       0x28 c:/devkitPro/libogc/lib/wii\libwiiuse.a(guitar_hero_3.o)
                0x800255a8                guitar_hero_3_disconnected
 .text.guitar_hero_3_handshake
                0x800255d0       0xb4 c:/devkitPro/libogc/lib/wii\libwiiuse.a(guitar_hero_3.o)
                0x800255d0                guitar_hero_3_handshake
 .text.wiiuse_disable_expansion
                0x80025684      0x170 c:/devkitPro/libogc/lib/wii\libwiiuse.a(io.o)
                0x80025684                wiiuse_disable_expansion
 .text.wiiuse_handshake_expansion
                0x800257f4      0x238 c:/devkitPro/libogc/lib/wii\libwiiuse.a(io.o)
                0x800257f4                wiiuse_handshake_expansion
 .text.wiiuse_handshake_expansion_start
                0x80025a2c       0x24 c:/devkitPro/libogc/lib/wii\libwiiuse.a(io.o)
                0x80025a2c                wiiuse_handshake_expansion_start
 .text.wiiuse_handshake
                0x80025a50      0x164 c:/devkitPro/libogc/lib/wii\libwiiuse.a(io.o)
                0x80025a50                wiiuse_handshake
 .text.nunchuk_event
                0x80025bb4       0x88 c:/devkitPro/libogc/lib/wii\libwiiuse.a(nunchuk.o)
                0x80025bb4                nunchuk_event
 .text.nunchuk_disconnected
                0x80025c3c       0x28 c:/devkitPro/libogc/lib/wii\libwiiuse.a(nunchuk.o)
                0x80025c3c                nunchuk_disconnected
 .text.nunchuk_handshake
                0x80025c64      0x198 c:/devkitPro/libogc/lib/wii\libwiiuse.a(nunchuk.o)
                0x80025c64                nunchuk_handshake
 .text.wii_board_event
                0x80025dfc       0x54 c:/devkitPro/libogc/lib/wii\libwiiuse.a(wiiboard.o)
                0x80025dfc                wii_board_event
 .text.wii_board_disconnected
                0x80025e50       0x28 c:/devkitPro/libogc/lib/wii\libwiiuse.a(wiiboard.o)
                0x80025e50                wii_board_disconnected
 .text.wii_board_handshake
                0x80025e78      0x174 c:/devkitPro/libogc/lib/wii\libwiiuse.a(wiiboard.o)
                0x80025e78                wii_board_handshake
 .text.classic_ctrl_event
                0x80025fec       0xa4 c:/devkitPro/libogc/lib/wii\libwiiuse.a(classic.o)
                0x80025fec                classic_ctrl_event
 .text.classic_ctrl_disconnected
                0x80026090       0x28 c:/devkitPro/libogc/lib/wii\libwiiuse.a(classic.o)
                0x80026090                classic_ctrl_disconnected
 .text.classic_ctrl_handshake
                0x800260b8      0x128 c:/devkitPro/libogc/lib/wii\libwiiuse.a(classic.o)
                0x800260b8                classic_ctrl_handshake
 .text.bte_arg  0x800261e0       0x38 c:/devkitPro/libogc/lib/wii\libbte.a(bte.o)
                0x800261e0                bte_arg
 .text.bte_received
                0x80026218       0x38 c:/devkitPro/libogc/lib/wii\libbte.a(bte.o)
                0x80026218                bte_received
 .text.bte_disconnected
                0x80026250       0x38 c:/devkitPro/libogc/lib/wii\libbte.a(bte.o)
                0x80026250                bte_disconnected
 .text.acl_wlp_completed
                0x80026288        0x8 c:/devkitPro/libogc/lib/wii\libbte.a(bte.o)
                0x80026288                acl_wlp_completed
 .text.l2cap_accepted
                0x80026290      0x10c c:/devkitPro/libogc/lib/wii\libbte.a(bte.o)
                0x80026290                l2cap_accepted
 .text.l2cap_disconnected_ind
                0x8002639c      0x174 c:/devkitPro/libogc/lib/wii\libbte.a(bte.o)
                0x8002639c                l2cap_disconnected_ind
 .text.__bte_send_pending_request
                0x80026510       0xdc c:/devkitPro/libogc/lib/wii\libbte.a(bte.o)
 .text.bte_process_input
                0x800265ec      0x130 c:/devkitPro/libogc/lib/wii\libbte.a(bte.o)
 .text.__bte_send_request
                0x8002671c       0xa4 c:/devkitPro/libogc/lib/wii\libbte.a(bte.o)
 .text.bte_disconnect
                0x800267c0       0xb4 c:/devkitPro/libogc/lib/wii\libbte.a(bte.o)
                0x800267c0                bte_disconnect
 .text.acl_conn_complete
                0x80026874       0x2c c:/devkitPro/libogc/lib/wii\libbte.a(bte.o)
                0x80026874                acl_conn_complete
 .text.bte_sendmessageasync
                0x800268a0      0x138 c:/devkitPro/libogc/lib/wii\libbte.a(bte.o)
                0x800268a0                bte_sendmessageasync
 .text.bte_registerdeviceasync
                0x800269d8      0x1c0 c:/devkitPro/libogc/lib/wii\libbte.a(bte.o)
                0x800269d8                bte_registerdeviceasync
 .text.bte_new  0x80026b98       0x60 c:/devkitPro/libogc/lib/wii\libbte.a(bte.o)
                0x80026b98                bte_new
 .text.BTE_SetDisconnectCallback
                0x80026bf8       0x20 c:/devkitPro/libogc/lib/wii\libbte.a(bte.o)
                0x80026bf8                BTE_SetDisconnectCallback
 .text.BTE_InitSub
                0x80026c18       0x94 c:/devkitPro/libogc/lib/wii\libbte.a(bte.o)
                0x80026c18                BTE_InitSub
 .text.BTE_ApplyPatch
                0x80026cac       0xa8 c:/devkitPro/libogc/lib/wii\libbte.a(bte.o)
                0x80026cac                BTE_ApplyPatch
 .text.BTE_InitCore
                0x80026d54       0x90 c:/devkitPro/libogc/lib/wii\libbte.a(bte.o)
                0x80026d54                BTE_InitCore
 .text.BTE_ReadStoredLinkKey
                0x80026de4       0x94 c:/devkitPro/libogc/lib/wii\libbte.a(bte.o)
                0x80026de4                BTE_ReadStoredLinkKey
 .text.BTE_Shutdown
                0x80026e78      0x114 c:/devkitPro/libogc/lib/wii\libbte.a(bte.o)
                0x80026e78                BTE_Shutdown
 .text.__bte_shutdown_finished
                0x80026f8c      0x118 c:/devkitPro/libogc/lib/wii\libbte.a(bte.o)
 .text.BTE_Init
                0x800270a4      0x134 c:/devkitPro/libogc/lib/wii\libbte.a(bte.o)
                0x800270a4                BTE_Init
 .text.bt_alarmhandler
                0x800271d8       0x60 c:/devkitPro/libogc/lib/wii\libbte.a(bte.o)
 .text.l2cap_disconnect_cfm
                0x80027238      0x1ac c:/devkitPro/libogc/lib/wii\libbte.a(bte.o)
                0x80027238                l2cap_disconnect_cfm
 .text.bte_hci_initsub_complete
                0x800273e4      0x230 c:/devkitPro/libogc/lib/wii\libbte.a(bte.o)
                0x800273e4                bte_hci_initsub_complete
 .text.bte_hci_patch_complete
                0x80027614      0x2b8 c:/devkitPro/libogc/lib/wii\libbte.a(bte.o)
                0x80027614                bte_hci_patch_complete
 .text.bte_hci_apply_patch_complete
                0x800278cc      0x15c c:/devkitPro/libogc/lib/wii\libbte.a(bte.o)
                0x800278cc                bte_hci_apply_patch_complete
 .text.bte_hci_initcore_complete
                0x80027a28      0x208 c:/devkitPro/libogc/lib/wii\libbte.a(bte.o)
                0x80027a28                bte_hci_initcore_complete
 .text.bte_hci_initcore_complete2
                0x80027c30      0x1e4 c:/devkitPro/libogc/lib/wii\libbte.a(bte.o)
                0x80027c30                bte_hci_initcore_complete2
 .text.bte_read_stored_link_key_complete
                0x80027e14      0x264 c:/devkitPro/libogc/lib/wii\libbte.a(bte.o)
                0x80027e14                bte_read_stored_link_key_complete
 .text.hci_get_link
                0x80028078       0x88 c:/devkitPro/libogc/lib/wii\libbte.a(hci.o)
                0x80028078                hci_get_link
 .text.hci_arg  0x80028100       0x10 c:/devkitPro/libogc/lib/wii\libbte.a(hci.o)
                0x80028100                hci_arg
 .text.hci_cmd_complete
                0x80028110       0x10 c:/devkitPro/libogc/lib/wii\libbte.a(hci.o)
                0x80028110                hci_cmd_complete
 .text.hci_connection_complete
                0x80028120       0x10 c:/devkitPro/libogc/lib/wii\libbte.a(hci.o)
                0x80028120                hci_connection_complete
 .text.hci_wlp_complete
                0x80028130       0x10 c:/devkitPro/libogc/lib/wii\libbte.a(hci.o)
                0x80028130                hci_wlp_complete
 .text.hci_cmd_ass
                0x80028140       0x4c c:/devkitPro/libogc/lib/wii\libbte.a(hci.o)
                0x80028140                hci_cmd_ass
 .text.lp_pdu_maxsize
                0x8002818c       0x10 c:/devkitPro/libogc/lib/wii\libbte.a(hci.o)
                0x8002818c                lp_pdu_maxsize
 .text.hci_host_num_comp_packets
                0x8002819c       0xcc c:/devkitPro/libogc/lib/wii\libbte.a(hci.o)
                0x8002819c                hci_host_num_comp_packets
 .text.hci_write_cod
                0x80028268       0x8c c:/devkitPro/libogc/lib/wii\libbte.a(hci.o)
                0x80028268                hci_write_cod
 .text.hci_disconnect
                0x800282f4       0xb8 c:/devkitPro/libogc/lib/wii\libbte.a(hci.o)
                0x800282f4                hci_disconnect
 .text.hci_pin_code_request_neg_reply
                0x800283ac       0x8c c:/devkitPro/libogc/lib/wii\libbte.a(hci.o)
                0x800283ac                hci_pin_code_request_neg_reply
 .text.hci_vendor_specific_command
                0x80028438       0xb8 c:/devkitPro/libogc/lib/wii\libbte.a(hci.o)
                0x80028438                hci_vendor_specific_command
 .text.hci_write_inquiry_scan_type
                0x800284f0       0x80 c:/devkitPro/libogc/lib/wii\libbte.a(hci.o)
                0x800284f0                hci_write_inquiry_scan_type
 .text.hci_write_page_scan_type
                0x80028570       0x80 c:/devkitPro/libogc/lib/wii\libbte.a(hci.o)
                0x80028570                hci_write_page_scan_type
 .text.hci_write_inquiry_mode
                0x800285f0       0x80 c:/devkitPro/libogc/lib/wii\libbte.a(hci.o)
                0x800285f0                hci_write_inquiry_mode
 .text.hci_write_pin_type
                0x80028670       0x80 c:/devkitPro/libogc/lib/wii\libbte.a(hci.o)
                0x80028670                hci_write_pin_type
 .text.hci_write_local_name
                0x800286f0       0x9c c:/devkitPro/libogc/lib/wii\libbte.a(hci.o)
                0x800286f0                hci_write_local_name
 .text.hci_accecpt_conn_request
                0x8002878c       0xa0 c:/devkitPro/libogc/lib/wii\libbte.a(hci.o)
                0x8002878c                hci_accecpt_conn_request
 .text.hci_write_scan_enable
                0x8002882c       0x80 c:/devkitPro/libogc/lib/wii\libbte.a(hci.o)
                0x8002882c                hci_write_scan_enable
 .text.hci_read_local_features
                0x800288ac       0x6c c:/devkitPro/libogc/lib/wii\libbte.a(hci.o)
                0x800288ac                hci_read_local_features
 .text.hci_read_local_version
                0x80028918       0x6c c:/devkitPro/libogc/lib/wii\libbte.a(hci.o)
                0x80028918                hci_read_local_version
 .text.hci_read_bd_addr
                0x80028984       0x6c c:/devkitPro/libogc/lib/wii\libbte.a(hci.o)
                0x80028984                hci_read_bd_addr
 .text.hci_read_buffer_size
                0x800289f0       0x6c c:/devkitPro/libogc/lib/wii\libbte.a(hci.o)
                0x800289f0                hci_read_buffer_size
 .text.hci_reset
                0x80028a5c       0x6c c:/devkitPro/libogc/lib/wii\libbte.a(hci.o)
                0x80028a5c                hci_reset
 .text.lp_acl_write
                0x80028ac8      0x180 c:/devkitPro/libogc/lib/wii\libbte.a(hci.o)
                0x80028ac8                lp_acl_write
 .text.hci_new  0x80028c48       0x54 c:/devkitPro/libogc/lib/wii\libbte.a(hci.o)
                0x80028c48                hci_new
 .text.hci_read_stored_link_key
                0x80028c9c       0xd4 c:/devkitPro/libogc/lib/wii\libbte.a(hci.o)
                0x80028c9c                hci_read_stored_link_key
 .text.hci_close
                0x80028d70       0xec c:/devkitPro/libogc/lib/wii\libbte.a(hci.o)
                0x80028d70                hci_close
 .text.hci_init
                0x80028e5c       0xa0 c:/devkitPro/libogc/lib/wii\libbte.a(hci.o)
                0x80028e5c                hci_init
 .text.hci_reset_all
                0x80028efc       0xd4 c:/devkitPro/libogc/lib/wii\libbte.a(hci.o)
                0x80028efc                hci_reset_all
 .text.hci_write_page_timeout
                0x80028fd0       0x90 c:/devkitPro/libogc/lib/wii\libbte.a(hci.o)
                0x80028fd0                hci_write_page_timeout
 .text.hci_acldata_handler
                0x80029060      0x138 c:/devkitPro/libogc/lib/wii\libbte.a(hci.o)
                0x80029060                hci_acldata_handler
 .text.hci_event_handler
                0x80029198      0xb98 c:/devkitPro/libogc/lib/wii\libbte.a(hci.o)
                0x80029198                hci_event_handler
 .text.lp_write_flush_timeout
                0x80029d30       0xc0 c:/devkitPro/libogc/lib/wii\libbte.a(hci.o)
                0x80029d30                lp_write_flush_timeout
 .text.hci_host_buffer_size
                0x80029df0       0xd0 c:/devkitPro/libogc/lib/wii\libbte.a(hci.o)
                0x80029df0                hci_host_buffer_size
 .text.hci_write_link_policy_settings
                0x80029ec0       0xc0 c:/devkitPro/libogc/lib/wii\libbte.a(hci.o)
                0x80029ec0                hci_write_link_policy_settings
 .text.l2cap_cid_alloc
                0x80029f80       0x60 c:/devkitPro/libogc/lib/wii\libbte.a(l2cap.o)
 .text.lp_connect_ind
                0x80029fe0        0x4 c:/devkitPro/libogc/lib/wii\libbte.a(l2cap.o)
                0x80029fe0                lp_connect_ind
 .text.l2cap_disconnect_bb
                0x80029fe4       0x14 c:/devkitPro/libogc/lib/wii\libbte.a(l2cap.o)
                0x80029fe4                l2cap_disconnect_bb
 .text.l2cap_next_sigid
                0x80029ff8       0x2c c:/devkitPro/libogc/lib/wii\libbte.a(l2cap.o)
                0x80029ff8                l2cap_next_sigid
 .text.l2cap_arg
                0x8002a024        0x8 c:/devkitPro/libogc/lib/wii\libbte.a(l2cap.o)
                0x8002a024                l2cap_arg
 .text.l2cap_disconnect_ind
                0x8002a02c        0x8 c:/devkitPro/libogc/lib/wii\libbte.a(l2cap.o)
                0x8002a02c                l2cap_disconnect_ind
 .text.l2cap_recv
                0x8002a034        0x8 c:/devkitPro/libogc/lib/wii\libbte.a(l2cap.o)
                0x8002a034                l2cap_recv
 .text.l2cap_connect_ind
                0x8002a03c      0x108 c:/devkitPro/libogc/lib/wii\libbte.a(l2cap.o)
                0x8002a03c                l2cap_connect_ind
 .text.l2cap_close
                0x8002a144      0x1e8 c:/devkitPro/libogc/lib/wii\libbte.a(l2cap.o)
                0x8002a144                l2cap_close
 .text.lp_disconnect_ind
                0x8002a32c      0x114 c:/devkitPro/libogc/lib/wii\libbte.a(l2cap.o)
                0x8002a32c                lp_disconnect_ind
 .text.l2cap_new
                0x8002a440       0x80 c:/devkitPro/libogc/lib/wii\libbte.a(l2cap.o)
                0x8002a440                l2cap_new
 .text.l2cap_write
                0x8002a4c0      0x1a4 c:/devkitPro/libogc/lib/wii\libbte.a(l2cap.o)
                0x8002a4c0                l2cap_write
 .text.l2cap_rexmit_signal
                0x8002a664       0x2c c:/devkitPro/libogc/lib/wii\libbte.a(l2cap.o)
                0x8002a664                l2cap_rexmit_signal
 .text.l2cap_signal
                0x8002a690      0x1e0 c:/devkitPro/libogc/lib/wii\libbte.a(l2cap.o)
                0x8002a690                l2cap_signal
 .text.l2ca_disconnect_req
                0x8002a870       0xc0 c:/devkitPro/libogc/lib/wii\libbte.a(l2cap.o)
                0x8002a870                l2ca_disconnect_req
 .text.l2cap_tmr
                0x8002a930      0x244 c:/devkitPro/libogc/lib/wii\libbte.a(l2cap.o)
                0x8002a930                l2cap_tmr
 .text.l2ca_config_req
                0x8002ab74      0x154 c:/devkitPro/libogc/lib/wii\libbte.a(l2cap.o)
                0x8002ab74                l2ca_config_req
 .text.l2cap_process_sig
                0x8002acc8     0x1238 c:/devkitPro/libogc/lib/wii\libbte.a(l2cap.o)
                0x8002acc8                l2cap_process_sig
 .text.l2cap_init
                0x8002bf00       0x88 c:/devkitPro/libogc/lib/wii\libbte.a(l2cap.o)
                0x8002bf00                l2cap_init
 .text.l2cap_reset_all
                0x8002bf88      0x154 c:/devkitPro/libogc/lib/wii\libbte.a(l2cap.o)
                0x8002bf88                l2cap_reset_all
 .text.lp_connect_cfm
                0x8002c0dc      0x14c c:/devkitPro/libogc/lib/wii\libbte.a(l2cap.o)
                0x8002c0dc                lp_connect_cfm
 .text.l2ca_datawrite
                0x8002c228      0x114 c:/devkitPro/libogc/lib/wii\libbte.a(l2cap.o)
                0x8002c228                l2ca_datawrite
 .text.l2cap_input
                0x8002c33c      0x5d0 c:/devkitPro/libogc/lib/wii\libbte.a(l2cap.o)
                0x8002c33c                l2cap_input
 .text.btmemb_alloc
                0x8002c90c       0xc0 c:/devkitPro/libogc/lib/wii\libbte.a(btmemb.o)
                0x8002c90c                btmemb_alloc
 .text.btmemb_free
                0x8002c9cc       0xbc c:/devkitPro/libogc/lib/wii\libbte.a(btmemb.o)
                0x8002c9cc                btmemb_free
 .text.btmemb_init
                0x8002ca88       0x40 c:/devkitPro/libogc/lib/wii\libbte.a(btmemb.o)
                0x8002ca88                btmemb_init
 .text.plug_holes
                0x8002cac8       0xcc c:/devkitPro/libogc/lib/wii\libbte.a(btmemr.o)
 .text.btmemr_malloc
                0x8002cb94      0x190 c:/devkitPro/libogc/lib/wii\libbte.a(btmemr.o)
                0x8002cb94                btmemr_malloc
 .text.btmemr_free
                0x8002cd24       0xa4 c:/devkitPro/libogc/lib/wii\libbte.a(btmemr.o)
                0x8002cd24                btmemr_free
 .text.btmemr_realloc
                0x8002cdc8      0x118 c:/devkitPro/libogc/lib/wii\libbte.a(btmemr.o)